Archive member included to satisfy reference by file (symbol)

C:/ST/STM32CubeIDE_1.16.0/STM32CubeIDE/plugins/com.st.stm32cube.ide.mcu.externaltools.gnu-tools-for-stm32.13.3.rel1.win32_1.0.0.202411081344/tools/bin/../lib/gcc/arm-none-eabi/13.3.1/../../../../arm-none-eabi/lib/thumb/v7e-m+dp/hard\libc_nano.a(libc_a-exit.o)
                              C:/ST/STM32CubeIDE_1.16.0/STM32CubeIDE/plugins/com.st.stm32cube.ide.mcu.externaltools.gnu-tools-for-stm32.13.3.rel1.win32_1.0.0.202411081344/tools/bin/../lib/gcc/arm-none-eabi/13.3.1/../../../../arm-none-eabi/lib/thumb/v7e-m+dp/hard/crt0.o (exit)
C:/ST/STM32CubeIDE_1.16.0/STM32CubeIDE/plugins/com.st.stm32cube.ide.mcu.externaltools.gnu-tools-for-stm32.13.3.rel1.win32_1.0.0.202411081344/tools/bin/../lib/gcc/arm-none-eabi/13.3.1/../../../../arm-none-eabi/lib/thumb/v7e-m+dp/hard\libc_nano.a(libc_a-findfp.o)
                              C:/ST/STM32CubeIDE_1.16.0/STM32CubeIDE/plugins/com.st.stm32cube.ide.mcu.externaltools.gnu-tools-for-stm32.13.3.rel1.win32_1.0.0.202411081344/tools/bin/../lib/gcc/arm-none-eabi/13.3.1/../../../../arm-none-eabi/lib/thumb/v7e-m+dp/hard\libc_nano.a(libc_a-exit.o) (__stdio_exit_handler)
C:/ST/STM32CubeIDE_1.16.0/STM32CubeIDE/plugins/com.st.stm32cube.ide.mcu.externaltools.gnu-tools-for-stm32.13.3.rel1.win32_1.0.0.202411081344/tools/bin/../lib/gcc/arm-none-eabi/13.3.1/../../../../arm-none-eabi/lib/thumb/v7e-m+dp/hard\libc_nano.a(libc_a-fwalk.o)
                              C:/ST/STM32CubeIDE_1.16.0/STM32CubeIDE/plugins/com.st.stm32cube.ide.mcu.externaltools.gnu-tools-for-stm32.13.3.rel1.win32_1.0.0.202411081344/tools/bin/../lib/gcc/arm-none-eabi/13.3.1/../../../../arm-none-eabi/lib/thumb/v7e-m+dp/hard\libc_nano.a(libc_a-findfp.o) (_fwalk_sglue)
C:/ST/STM32CubeIDE_1.16.0/STM32CubeIDE/plugins/com.st.stm32cube.ide.mcu.externaltools.gnu-tools-for-stm32.13.3.rel1.win32_1.0.0.202411081344/tools/bin/../lib/gcc/arm-none-eabi/13.3.1/../../../../arm-none-eabi/lib/thumb/v7e-m+dp/hard\libc_nano.a(libc_a-stdio.o)
                              C:/ST/STM32CubeIDE_1.16.0/STM32CubeIDE/plugins/com.st.stm32cube.ide.mcu.externaltools.gnu-tools-for-stm32.13.3.rel1.win32_1.0.0.202411081344/tools/bin/../lib/gcc/arm-none-eabi/13.3.1/../../../../arm-none-eabi/lib/thumb/v7e-m+dp/hard\libc_nano.a(libc_a-findfp.o) (__sread)
C:/ST/STM32CubeIDE_1.16.0/STM32CubeIDE/plugins/com.st.stm32cube.ide.mcu.externaltools.gnu-tools-for-stm32.13.3.rel1.win32_1.0.0.202411081344/tools/bin/../lib/gcc/arm-none-eabi/13.3.1/../../../../arm-none-eabi/lib/thumb/v7e-m+dp/hard\libc_nano.a(libc_a-memset.o)
                              C:/ST/STM32CubeIDE_1.16.0/STM32CubeIDE/plugins/com.st.stm32cube.ide.mcu.externaltools.gnu-tools-for-stm32.13.3.rel1.win32_1.0.0.202411081344/tools/bin/../lib/gcc/arm-none-eabi/13.3.1/../../../../arm-none-eabi/lib/thumb/v7e-m+dp/hard/crt0.o (memset)
C:/ST/STM32CubeIDE_1.16.0/STM32CubeIDE/plugins/com.st.stm32cube.ide.mcu.externaltools.gnu-tools-for-stm32.13.3.rel1.win32_1.0.0.202411081344/tools/bin/../lib/gcc/arm-none-eabi/13.3.1/../../../../arm-none-eabi/lib/thumb/v7e-m+dp/hard\libc_nano.a(libc_a-closer.o)
                              C:/ST/STM32CubeIDE_1.16.0/STM32CubeIDE/plugins/com.st.stm32cube.ide.mcu.externaltools.gnu-tools-for-stm32.13.3.rel1.win32_1.0.0.202411081344/tools/bin/../lib/gcc/arm-none-eabi/13.3.1/../../../../arm-none-eabi/lib/thumb/v7e-m+dp/hard\libc_nano.a(libc_a-stdio.o) (_close_r)
C:/ST/STM32CubeIDE_1.16.0/STM32CubeIDE/plugins/com.st.stm32cube.ide.mcu.externaltools.gnu-tools-for-stm32.13.3.rel1.win32_1.0.0.202411081344/tools/bin/../lib/gcc/arm-none-eabi/13.3.1/../../../../arm-none-eabi/lib/thumb/v7e-m+dp/hard\libc_nano.a(libc_a-reent.o)
                              C:/ST/STM32CubeIDE_1.16.0/STM32CubeIDE/plugins/com.st.stm32cube.ide.mcu.externaltools.gnu-tools-for-stm32.13.3.rel1.win32_1.0.0.202411081344/tools/bin/../lib/gcc/arm-none-eabi/13.3.1/../../../../arm-none-eabi/lib/thumb/v7e-m+dp/hard\libc_nano.a(libc_a-closer.o) (errno)
C:/ST/STM32CubeIDE_1.16.0/STM32CubeIDE/plugins/com.st.stm32cube.ide.mcu.externaltools.gnu-tools-for-stm32.13.3.rel1.win32_1.0.0.202411081344/tools/bin/../lib/gcc/arm-none-eabi/13.3.1/../../../../arm-none-eabi/lib/thumb/v7e-m+dp/hard\libc_nano.a(libc_a-impure.o)
                              C:/ST/STM32CubeIDE_1.16.0/STM32CubeIDE/plugins/com.st.stm32cube.ide.mcu.externaltools.gnu-tools-for-stm32.13.3.rel1.win32_1.0.0.202411081344/tools/bin/../lib/gcc/arm-none-eabi/13.3.1/../../../../arm-none-eabi/lib/thumb/v7e-m+dp/hard\libc_nano.a(libc_a-reent.o) (_impure_ptr)
C:/ST/STM32CubeIDE_1.16.0/STM32CubeIDE/plugins/com.st.stm32cube.ide.mcu.externaltools.gnu-tools-for-stm32.13.3.rel1.win32_1.0.0.202411081344/tools/bin/../lib/gcc/arm-none-eabi/13.3.1/../../../../arm-none-eabi/lib/thumb/v7e-m+dp/hard\libc_nano.a(libc_a-lseekr.o)
[...]
Memory Configuration

Name             Origin             Length             Attributes
FLASH            0x08000000         0x00200000         xr
DTCMRAM          0x20000000         0x00020000         xrw
RAM_D1           0x24000000         0x00080000         xrw
RAM_D2           0x30000000         0x00048000         xrw
RAM_D3           0x38000000         0x00010000         xrw
ITCMRAM          0x00000000         0x00010000         xrw
*default*        0x00000000         0xffffffff

Linker script and memory map

LOAD C:/ST/STM32CubeIDE_1.16.0/STM32CubeIDE/plugins/com.st.stm32cube.ide.mcu.externaltools.gnu-tools-for-stm32.13.3.rel1.win32_1.0.0.202411081344/tools/bin/../lib/gcc/arm-none-eabi/13.3.1/thumb/v7e-m+dp/hard/crti.o
LOAD C:/ST/STM32CubeIDE_1.16.0/STM32CubeIDE/plugins/com.st.stm32cube.ide.mcu.externaltools.gnu-tools-for-stm32.13.3.rel1.win32_1.0.0.202411081344/tools/bin/../lib/gcc/arm-none-eabi/13.3.1/thumb/v7e-m+dp/hard/crtbegin.o
LOAD C:/ST/STM32CubeIDE_1.16.0/STM32CubeIDE/plugins/com.st.stm32cube.ide.mcu.externaltools.gnu-tools-for-stm32.13.3.rel1.win32_1.0.0.202411081344/tools/bin/../lib/gcc/arm-none-eabi/13.3.1/../../../../arm-none-eabi/lib/thumb/v7e-m+dp/hard/crt0.o
LOAD ./Core/Src/main.o
LOAD ./Core/Src/stm32h7xx_hal_msp.o
LOAD ./Core/Src/stm32h7xx_it.o
LOAD ./Core/Src/syscalls.o
LOAD ./Core/Src/sysmem.o
LOAD ./Core/Src/system_stm32h7xx.o
LOAD ./Core/Startup/startup_stm32h743vitx.o
LOAD ./Drivers/STM32H7xx_HAL_Driver/Src/stm32h7xx_hal.o
LOAD ./Drivers/STM32H7xx_HAL_Driver/Src/stm32h7xx_hal_adc.o
LOAD ./Drivers/STM32H7xx_HAL_Driver/Src/stm32h7xx_hal_adc_ex.o
LOAD ./Drivers/STM32H7xx_HAL_Driver/Src/stm32h7xx_hal_cortex.o
LOAD ./Drivers/STM32H7xx_HAL_Driver/Src/stm32h7xx_hal_dma.o
LOAD ./Drivers/STM32H7xx_HAL_Driver/Src/stm32h7xx_hal_dma_ex.o
LOAD ./Drivers/STM32H7xx_HAL_Driver/Src/stm32h7xx_hal_exti.o
LOAD ./Drivers/STM32H7xx_HAL_Driver/Src/stm32h7xx_hal_fdcan.o
LOAD ./Drivers/STM32H7xx_HAL_Driver/Src/stm32h7xx_hal_flash.o
LOAD ./Drivers/STM32H7xx_HAL_Driver/Src/stm32h7xx_hal_flash_ex.o
LOAD ./Drivers/STM32H7xx_HAL_Driver/Src/stm32h7xx_hal_gpio.o
LOAD ./Drivers/STM32H7xx_HAL_Driver/Src/stm32h7xx_hal_hsem.o
LOAD ./Drivers/STM32H7xx_HAL_Driver/Src/stm32h7xx_hal_i2c.o
LOAD ./Drivers/STM32H7xx_HAL_Driver/Src/stm32h7xx_hal_i2c_ex.o
LOAD ./Drivers/STM32H7xx_HAL_Driver/Src/stm32h7xx_hal_mdma.o
LOAD ./Drivers/STM32H7xx_HAL_Driver/Src/stm32h7xx_hal_pwr.o
LOAD ./Drivers/STM32H7xx_HAL_Driver/Src/stm32h7xx_hal_pwr_ex.o
LOAD ./Drivers/STM32H7xx_HAL_Driver/Src/stm32h7xx_hal_rcc.o
LOAD ./Drivers/STM32H7xx_HAL_Driver/Src/stm32h7xx_hal_rcc_ex.o
START GROUP
LOAD C:/ST/STM32CubeIDE_1.16.0/STM32CubeIDE/plugins/com.st.stm32cube.ide.mcu.externaltools.gnu-tools-for-stm32.13.3.rel1.win32_1.0.0.202411081344/tools/bin/../lib/gcc/arm-none-eabi/13.3.1/../../../../arm-none-eabi/lib/thumb/v7e-m+dp/hard\libc_nano.a
LOAD C:/ST/STM32CubeIDE_1.16.0/STM32CubeIDE/plugins/com.st.stm32cube.ide.mcu.externaltools.gnu-tools-for-stm32.13.3.rel1.win32_1.0.0.202411081344/tools/bin/../lib/gcc/arm-none-eabi/13.3.1/../../../../arm-none-eabi/lib/thumb/v7e-m+dp/hard\libm.a
END GROUP
START GROUP
LOAD C:/ST/STM32CubeIDE_1.16.0/STM32CubeIDE/plugins/com.st.stm32cube.ide.mcu.externaltools.gnu-tools-for-stm32.13.3.rel1.win32_1.0.0.202411081344/tools/bin/../lib/gcc/arm-none-eabi/13.3.1/thumb/v7e-m+dp/hard\libgcc.a
LOAD C:/ST/STM32CubeIDE_1.16.0/STM32CubeIDE/plugins/com.st.stm32cube.ide.mcu.externaltools.gnu-tools-for-stm32.13.3.rel1.win32_1.0.0.202411081344/tools/bin/../lib/gcc/arm-none-eabi/13.3.1/../../../../arm-none-eabi/lib/thumb/v7e-m+dp/hard\libc_nano.a
END GROUP
START GROUP
LOAD C:/ST/STM32CubeIDE_1.16.0/STM32CubeIDE/plugins/com.st.stm32cube.ide.mcu.externaltools.gnu-tools-for-stm32.13.3.rel1.win32_1.0.0.202411081344/tools/bin/../lib/gcc/arm-none-eabi/13.3.1/thumb/v7e-m+dp/hard\libgcc.a
LOAD C:/ST/STM32CubeIDE_1.16.0/STM32CubeIDE/plugins/com.st.stm32cube.ide.mcu.externaltools.gnu-tools-for-stm32.13.3.rel1.win32_1.0.0.202411081344/tools/bin/../lib/gcc/arm-none-eabi/13.3.1/../../../../arm-none-eabi/lib/thumb/v7e-m+dp/hard\libc_nano.a
LOAD C:/ST/STM32CubeIDE_1.16.0/STM32CubeIDE/plugins/com.st.stm32cube.ide.mcu.externaltools.gnu-tools-for-stm32.13.3.rel1.win32_1.0.0.202411081344/tools/bin/../lib/gcc/arm-none-eabi/13.3.1/../../../../arm-none-eabi/lib/thumb/v7e-m+dp/hard\libnosys.a
END GROUP
START GROUP
LOAD C:/ST/STM32CubeIDE_1.16.0/STM32CubeIDE/plugins/com.st.stm32cube.ide.mcu.externaltools.gnu-tools-for-stm32.13.3.rel1.win32_1.0.0.202411081344/tools/bin/../lib/gcc/arm-none-eabi/13.3.1/thumb/v7e-m+dp/hard\libgcc.a
LOAD C:/ST/STM32CubeIDE_1.16.0/STM32CubeIDE/plugins/com.st.stm32cube.ide.mcu.externaltools.gnu-tools-for-stm32.13.3.rel1.win32_1.0.0.202411081344/tools/bin/../lib/gcc/arm-none-eabi/13.3.1/../../../../arm-none-eabi/lib/thumb/v7e-m+dp/hard\libc_nano.a
LOAD C:/ST/STM32CubeIDE_1.16.0/STM32CubeIDE/plugins/com.st.stm32cube.ide.mcu.externaltools.gnu-tools-for-stm32.13.3.rel1.win32_1.0.0.202411081344/tools/bin/../lib/gcc/arm-none-eabi/13.3.1/../../../../arm-none-eabi/lib/thumb/v7e-m+dp/hard\libnosys.a
END GROUP
LOAD C:/ST/STM32CubeIDE_1.16.0/STM32CubeIDE/plugins/com.st.stm32cube.ide.mcu.externaltools.gnu-tools-for-stm32.13.3.rel1.win32_1.0.0.202411081344/tools/bin/../lib/gcc/arm-none-eabi/13.3.1/thumb/v7e-m+dp/hard/crtend.o
LOAD C:/ST/STM32CubeIDE_1.16.0/STM32CubeIDE/plugins/com.st.stm32cube.ide.mcu.externaltools.gnu-tools-for-stm32.13.3.rel1.win32_1.0.0.202411081344/tools/bin/../lib/gcc/arm-none-eabi/13.3.1/thumb/v7e-m+dp/hard/crtn.o
                0x24080000                        _estack = (ORIGIN (RAM_D1) + LENGTH (RAM_D1))
                0x00000200                        _Min_Heap_Size = 0x200
                0x00000400                        _Min_Stack_Size = 0x400

.isr_vector     0x08000000      0x298
                0x08000000                        . = ALIGN (0x4)
 *(.isr_vector)
 .isr_vector    0x08000000      0x298 ./Core/Startup/startup_stm32h743vitx.o
                0x08000000                g_pfnVectors
                0x08000298                        . = ALIGN (0x4)

.text           0x08000298     0x80a0
                0x08000298                        . = ALIGN (0x4)
 *(.text)
 .text          0x08000298       0x40 C:/ST/STM32CubeIDE_1.16.0/STM32CubeIDE/plugins/com.st.stm32cube.ide.mcu.externaltools.gnu-tools-for-stm32.13.3.rel1.win32_1.0.0.202411081344/tools/bin/../lib/gcc/arm-none-eabi/13.3.1/thumb/v7e-m+dp/hard/crtbegin.o
 *(.text*)
 .text.SetMuxChannel
                0x080002d8       0x54 ./Core/Src/main.o
                0x080002d8                SetMuxChannel
 .text.setADCChannel
                0x0800032c       0xcc ./Core/Src/main.o
                0x0800032c                setADCChannel
 .text.Read_ADC
                0x080003f8       0x64 ./Core/Src/main.o
                0x080003f8                Read_ADC
 .text.getClosestTemp
                0x0800045c       0x60 ./Core/Src/main.o
                0x0800045c                getClosestTemp
 .text.Calculate_Average_Temperature
                0x080004bc      0x170 ./Core/Src/main.o
                0x080004bc                Calculate_Average_Temperature
 .text.sendCan  0x0800062c      0x144 ./Core/Src/main.o
                0x0800062c                sendCan
 .text.main     0x08000770       0x32 ./Core/Src/main.o
                0x08000770                main
 *fill*         0x080007a2        0x2 
 .text.SystemClock_Config
                0x080007a4       0xf8 ./Core/Src/main.o
                0x080007a4                SystemClock_Config
 .text.MX_ADC1_Init
                0x0800089c       0xf8 ./Core/Src/main.o
 .text.MX_FDCAN1_Init
                0x08000994       0xc8 ./Core/Src/main.o
 .text.MX_GPIO_Init
                0x08000a5c       0xc4 ./Core/Src/main.o
 .text.MPU_Config
                0x08000b20       0x58 ./Core/Src/main.o
 .text.Error_Handler
                0x08000b78        0xc ./Core/Src/main.o
                0x08000b78                Error_Handler
 .text.HAL_MspInit
                0x08000b84       0x34 ./Core/Src/stm32h7xx_hal_msp.o
                0x08000b84                HAL_MspInit
 .text.HAL_ADC_MspInit
                0x08000bb8      0x178 ./Core/Src/stm32h7xx_hal_msp.o
                0x08000bb8                HAL_ADC_MspInit
 .text.HAL_FDCAN_MspInit
                0x08000d30       0xe4 ./Core/Src/stm32h7xx_hal_msp.o
                0x08000d30                HAL_FDCAN_MspInit
 .text.CAN_init
                0x08000e14      0x100 ./Core/Src/stm32h7xx_hal_msp.o
                0x08000e14                CAN_init
 .text.NMI_Handler
                0x08000f14        0x8 ./Core/Src/stm32h7xx_it.o
                0x08000f14                NMI_Handler
 .text.HardFault_Handler
                0x08000f1c        0x8 ./Core/Src/stm32h7xx_it.o
                0x08000f1c                HardFault_Handler
 .text.MemManage_Handler
                0x08000f24        0x8 ./Core/Src/stm32h7xx_it.o
                0x08000f24                MemManage_Handler
 .text.BusFault_Handler
                0x08000f2c        0x8 ./Core/Src/stm32h7xx_it.o
                0x08000f2c                BusFault_Handler
 .text.UsageFault_Handler
                0x08000f34        0x8 ./Core/Src/stm32h7xx_it.o
                0x08000f34                UsageFault_Handler
 .text.SVC_Handler
                0x08000f3c        0xe ./Core/Src/stm32h7xx_it.o
                0x08000f3c                SVC_Handler
 .text.DebugMon_Handler
                0x08000f4a        0xe ./Core/Src/stm32h7xx_it.o
                0x08000f4a                DebugMon_Handler
 .text.PendSV_Handler
                0x08000f58        0xe ./Core/Src/stm32h7xx_it.o
                0x08000f58                PendSV_Handler
 .text.SysTick_Handler
                0x08000f66        0xc ./Core/Src/stm32h7xx_it.o
                0x08000f66                SysTick_Handler
 *fill*         0x08000f72        0x2 
 .text.ADC_IRQHandler
                0x08000f74       0x14 ./Core/Src/stm32h7xx_it.o
                0x08000f74                ADC_IRQHandler
 .text.FDCAN1_IT0_IRQHandler
                0x08000f88       0x14 ./Core/Src/stm32h7xx_it.o
                0x08000f88                FDCAN1_IT0_IRQHandler
 .text.SystemInit
                0x08000f9c      0x118 ./Core/Src/system_stm32h7xx.o
                0x08000f9c                SystemInit
 .text.Reset_Handler
                0x080010b4       0x50 ./Core/Startup/startup_stm32h743vitx.o
                0x080010b4                Reset_Handler
 .text.Default_Handler
                0x08001104        0x2 ./Core/Startup/startup_stm32h743vitx.o
                0x08001104                RTC_Alarm_IRQHandler
                0x08001104                EXTI2_IRQHandler
                0x08001104                TIM8_CC_IRQHandler
                0x08001104                HRTIM1_Master_IRQHandler
                0x08001104                UART8_IRQHandler
                0x08001104                SPI4_IRQHandler
                0x08001104                TIM1_CC_IRQHandler
                0x08001104                BDMA_Channel6_IRQHandler
                0x08001104                DMA2_Stream5_IRQHandler
                0x08001104                HRTIM1_FLT_IRQHandler
                0x08001104                JPEG_IRQHandler
                0x08001104                DMA1_Stream5_IRQHandler
                0x08001104                BDMA_Channel1_IRQHandler
                0x08001104                HRTIM1_TIMD_IRQHandler
                0x08001104                TAMP_STAMP_IRQHandler
                0x08001104                EXTI3_IRQHandler
                0x08001104                LPTIM4_IRQHandler
                0x08001104                TIM8_TRG_COM_TIM14_IRQHandler
                0x08001104                LPTIM2_IRQHandler
                0x08001104                DFSDM1_FLT1_IRQHandler
                0x08001104                DMAMUX2_OVR_IRQHandler
                0x08001104                TIM8_UP_TIM13_IRQHandler
                0x08001104                I2C3_ER_IRQHandler
                0x08001104                DFSDM1_FLT2_IRQHandler
                0x08001104                MDMA_IRQHandler
                0x08001104                LPTIM3_IRQHandler
                0x08001104                HSEM1_IRQHandler
                0x08001104                EXTI0_IRQHandler
                0x08001104                I2C2_EV_IRQHandler
                0x08001104                DMA1_Stream2_IRQHandler
                0x08001104                FPU_IRQHandler
                0x08001104                OTG_HS_WKUP_IRQHandler
                0x08001104                FDCAN1_IT1_IRQHandler
                0x08001104                LTDC_ER_IRQHandler
                0x08001104                DMA2_Stream2_IRQHandler
                0x08001104                HRTIM1_TIME_IRQHandler
                0x08001104                SPI1_IRQHandler
                0x08001104                TIM6_DAC_IRQHandler
                0x08001104                DCMI_IRQHandler
                0x08001104                HRTIM1_TIMC_IRQHandler
                0x08001104                DMA2_Stream3_IRQHandler
                0x08001104                SAI2_IRQHandler
                0x08001104                DFSDM1_FLT3_IRQHandler
                0x08001104                USART6_IRQHandler
                0x08001104                TIM17_IRQHandler
                0x08001104                USART3_IRQHandler
                0x08001104                BDMA_Channel7_IRQHandler
                0x08001104                LPTIM5_IRQHandler
                0x08001104                UART5_IRQHandler
                0x08001104                ADC3_IRQHandler
                0x08001104                DMA2_Stream0_IRQHandler
                0x08001104                TIM4_IRQHandler
                0x08001104                BDMA_Channel2_IRQHandler
                0x08001104                QUADSPI_IRQHandler
                0x08001104                I2C1_EV_IRQHandler
                0x08001104                DMA1_Stream6_IRQHandler
                0x08001104                DMAMUX1_OVR_IRQHandler
                0x08001104                DMA1_Stream1_IRQHandler
                0x08001104                TIM16_IRQHandler
                0x08001104                UART4_IRQHandler
                0x08001104                BDMA_Channel5_IRQHandler
                0x08001104                TIM3_IRQHandler
                0x08001104                RCC_IRQHandler
                0x08001104                TIM8_BRK_TIM12_IRQHandler
                0x08001104                TIM1_TRG_COM_IRQHandler
                0x08001104                Default_Handler
                0x08001104                ECC_IRQHandler
                0x08001104                CEC_IRQHandler
                0x08001104                EXTI15_10_IRQHandler
                0x08001104                BDMA_Channel0_IRQHandler
                0x08001104                DMA1_Stream7_IRQHandler
                0x08001104                HRTIM1_TIMA_IRQHandler
                0x08001104                SPI5_IRQHandler
                0x08001104                TIM7_IRQHandler
                0x08001104                SDMMC1_IRQHandler
                0x08001104                TIM5_IRQHandler
                0x08001104                DMA2_Stream7_IRQHandler
                0x08001104                TIM15_IRQHandler
                0x08001104                PVD_AVD_IRQHandler
                0x08001104                I2C3_EV_IRQHandler
                0x08001104                EXTI9_5_IRQHandler
                0x08001104                RTC_WKUP_IRQHandler
                0x08001104                LTDC_IRQHandler
                0x08001104                SAI3_IRQHandler
                0x08001104                ETH_WKUP_IRQHandler
                0x08001104                SPDIF_RX_IRQHandler
                0x08001104                SPI2_IRQHandler
                0x08001104                OTG_HS_EP1_IN_IRQHandler
                0x08001104                DMA1_Stream0_IRQHandler
                0x08001104                CRS_IRQHandler
                0x08001104                EXTI4_IRQHandler
                0x08001104                RNG_IRQHandler
                0x08001104                HRTIM1_TIMB_IRQHandler
                0x08001104                FDCAN2_IT1_IRQHandler
                0x08001104                ETH_IRQHandler
                0x08001104                TIM1_UP_IRQHandler
                0x08001104                BDMA_Channel4_IRQHandler
                0x08001104                OTG_HS_EP1_OUT_IRQHandler
                0x08001104                WWDG_IRQHandler
                0x08001104                SPI6_IRQHandler
                0x08001104                MDIOS_IRQHandler
                0x08001104                I2C4_EV_IRQHandler
                0x08001104                FDCAN2_IT0_IRQHandler
                0x08001104                LPUART1_IRQHandler
                0x08001104                TIM2_IRQHandler
                0x08001104                OTG_FS_WKUP_IRQHandler
                0x08001104                OTG_HS_IRQHandler
                0x08001104                DMA2D_IRQHandler
                0x08001104                TIM1_BRK_IRQHandler
                0x08001104                EXTI1_IRQHandler
                0x08001104                SDMMC2_IRQHandler
                0x08001104                OTG_FS_EP1_OUT_IRQHandler
                0x08001104                BDMA_Channel3_IRQHandler
                0x08001104                UART7_IRQHandler
                0x08001104                MDIOS_WKUP_IRQHandler
                0x08001104                USART2_IRQHandler
                0x08001104                DFSDM1_FLT0_IRQHandler
                0x08001104                SAI4_IRQHandler
                0x08001104                I2C2_ER_IRQHandler
                0x08001104                DMA2_Stream1_IRQHandler
                0x08001104                FLASH_IRQHandler
                0x08001104                DMA2_Stream4_IRQHandler
                0x08001104                USART1_IRQHandler
                0x08001104                OTG_FS_IRQHandler
                0x08001104                SPI3_IRQHandler
                0x08001104                WAKEUP_PIN_IRQHandler
                0x08001104                DMA1_Stream4_IRQHandler
                0x08001104                OTG_FS_EP1_IN_IRQHandler
                0x08001104                I2C1_ER_IRQHandler
                0x08001104                FMC_IRQHandler
                0x08001104                FDCAN_CAL_IRQHandler
                0x08001104                SWPMI1_IRQHandler
                0x08001104                COMP1_IRQHandler
                0x08001104                LPTIM1_IRQHandler
                0x08001104                I2C4_ER_IRQHandler
                0x08001104                DMA2_Stream6_IRQHandler
                0x08001104                SAI1_IRQHandler
                0x08001104                DMA1_Stream3_IRQHandler
 *fill*         0x08001106        0x2 
 .text.HAL_Init
                0x08001108       0x78 ./Drivers/STM32H7xx_HAL_Driver/Src/stm32h7xx_hal.o
                0x08001108                HAL_Init
 .text.HAL_InitTick
                0x08001180       0x6c ./Drivers/STM32H7xx_HAL_Driver/Src/stm32h7xx_hal.o
                0x08001180                HAL_InitTick
 .text.HAL_IncTick
                0x080011ec       0x28 ./Drivers/STM32H7xx_HAL_Driver/Src/stm32h7xx_hal.o
                0x080011ec                HAL_IncTick
 .text.HAL_GetTick
                0x08001214       0x18 ./Drivers/STM32H7xx_HAL_Driver/Src/stm32h7xx_hal.o
                0x08001214                HAL_GetTick
 .text.HAL_Delay
                0x0800122c       0x48 ./Drivers/STM32H7xx_HAL_Driver/Src/stm32h7xx_hal.o
                0x0800122c                HAL_Delay
 .text.HAL_GetREVID
                0x08001274       0x18 ./Drivers/STM32H7xx_HAL_Driver/Src/stm32h7xx_hal.o
                0x08001274                HAL_GetREVID
 .text.LL_ADC_SetCommonClock
                0x0800128c       0x26 ./Drivers/STM32H7xx_HAL_Driver/Src/stm32h7xx_hal_adc.o
 .text.LL_ADC_SetCommonPathInternalCh
                0x080012b2       0x26 ./Drivers/STM32H7xx_HAL_Driver/Src/stm32h7xx_hal_adc.o
 .text.LL_ADC_GetCommonPathInternalCh
                0x080012d8       0x1c ./Drivers/STM32H7xx_HAL_Driver/Src/stm32h7xx_hal_adc.o
 .text.LL_ADC_SetChannelPreselection
                0x080012f4       0x66 ./Drivers/STM32H7xx_HAL_Driver/Src/stm32h7xx_hal_adc.o
 .text.LL_ADC_SetOffset
                0x0800135a       0x40 ./Drivers/STM32H7xx_HAL_Driver/Src/stm32h7xx_hal_adc.o
 .text.LL_ADC_SetDataRightShift
                0x0800139a       0x32 ./Drivers/STM32H7xx_HAL_Driver/Src/stm32h7xx_hal_adc.o
 .text.LL_ADC_SetOffsetSignedSaturation
                0x080013cc       0x36 ./Drivers/STM32H7xx_HAL_Driver/Src/stm32h7xx_hal_adc.o
 .text.LL_ADC_REG_IsTriggerSourceSWStart
                0x08001402       0x26 ./Drivers/STM32H7xx_HAL_Driver/Src/stm32h7xx_hal_adc.o
 .text.LL_ADC_REG_SetSequencerRanks
                0x08001428       0x58 ./Drivers/STM32H7xx_HAL_Driver/Src/stm32h7xx_hal_adc.o
 .text.LL_ADC_INJ_IsTriggerSourceSWStart
                0x08001480       0x26 ./Drivers/STM32H7xx_HAL_Driver/Src/stm32h7xx_hal_adc.o
 .text.LL_ADC_SetChannelSamplingTime
                0x080014a6       0x56 ./Drivers/STM32H7xx_HAL_Driver/Src/stm32h7xx_hal_adc.o
 .text.LL_ADC_SetChannelSingleDiff
                0x080014fc       0x48 ./Drivers/STM32H7xx_HAL_Driver/Src/stm32h7xx_hal_adc.o
 .text.LL_ADC_GetMultimode
                0x08001544       0x1c ./Drivers/STM32H7xx_HAL_Driver/Src/stm32h7xx_hal_adc.o
 .text.LL_ADC_GetMultiDMATransfer
                0x08001560       0x1c ./Drivers/STM32H7xx_HAL_Driver/Src/stm32h7xx_hal_adc.o
 .text.LL_ADC_DisableDeepPowerDown
                0x0800157c       0x24 ./Drivers/STM32H7xx_HAL_Driver/Src/stm32h7xx_hal_adc.o
 .text.LL_ADC_IsDeepPowerDownEnabled
                0x080015a0       0x28 ./Drivers/STM32H7xx_HAL_Driver/Src/stm32h7xx_hal_adc.o
 .text.LL_ADC_EnableInternalRegulator
                0x080015c8       0x28 ./Drivers/STM32H7xx_HAL_Driver/Src/stm32h7xx_hal_adc.o
 .text.LL_ADC_IsInternalRegulatorEnabled
                0x080015f0       0x28 ./Drivers/STM32H7xx_HAL_Driver/Src/stm32h7xx_hal_adc.o
 .text.LL_ADC_Enable
                0x08001618       0x28 ./Drivers/STM32H7xx_HAL_Driver/Src/stm32h7xx_hal_adc.o
 .text.LL_ADC_Disable
                0x08001640       0x28 ./Drivers/STM32H7xx_HAL_Driver/Src/stm32h7xx_hal_adc.o
 .text.LL_ADC_IsEnabled
                0x08001668       0x26 ./Drivers/STM32H7xx_HAL_Driver/Src/stm32h7xx_hal_adc.o
 .text.LL_ADC_IsDisableOngoing
                0x0800168e       0x26 ./Drivers/STM32H7xx_HAL_Driver/Src/stm32h7xx_hal_adc.o
 .text.LL_ADC_REG_StartConversion
                0x080016b4       0x28 ./Drivers/STM32H7xx_HAL_Driver/Src/stm32h7xx_hal_adc.o
 .text.LL_ADC_REG_StopConversion
                0x080016dc       0x28 ./Drivers/STM32H7xx_HAL_Driver/Src/stm32h7xx_hal_adc.o
 .text.LL_ADC_REG_IsConversionOngoing
                0x08001704       0x26 ./Drivers/STM32H7xx_HAL_Driver/Src/stm32h7xx_hal_adc.o
 *fill*         0x0800172a        0x2 
 .text.LL_ADC_INJ_StopConversion
                0x0800172c       0x28 ./Drivers/STM32H7xx_HAL_Driver/Src/stm32h7xx_hal_adc.o
 .text.LL_ADC_INJ_IsConversionOngoing
                0x08001754       0x26 ./Drivers/STM32H7xx_HAL_Driver/Src/stm32h7xx_hal_adc.o
 *fill*         0x0800177a        0x2 
 .text.HAL_ADC_Init
                0x0800177c      0x344 ./Drivers/STM32H7xx_HAL_Driver/Src/stm32h7xx_hal_adc.o
                0x0800177c                HAL_ADC_Init
 .text.HAL_ADC_Start
                0x08001ac0      0x194 ./Drivers/STM32H7xx_HAL_Driver/Src/stm32h7xx_hal_adc.o
                0x08001ac0                HAL_ADC_Start
 .text.HAL_ADC_Stop
                0x08001c54       0x68 ./Drivers/STM32H7xx_HAL_Driver/Src/stm32h7xx_hal_adc.o
                0x08001c54                HAL_ADC_Stop
 .text.HAL_ADC_PollForConversion
                0x08001cbc      0x1e8 ./Drivers/STM32H7xx_HAL_Driver/Src/stm32h7xx_hal_adc.o
                0x08001cbc                HAL_ADC_PollForConversion
 .text.HAL_ADC_GetValue
                0x08001ea4       0x1a ./Drivers/STM32H7xx_HAL_Driver/Src/stm32h7xx_hal_adc.o
                0x08001ea4                HAL_ADC_GetValue
 *fill*         0x08001ebe        0x2 
 .text.HAL_ADC_IRQHandler
                0x08001ec0      0x474 ./Drivers/STM32H7xx_HAL_Driver/Src/stm32h7xx_hal_adc.o
                0x08001ec0                HAL_ADC_IRQHandler
 .text.HAL_ADC_ConvCpltCallback
                0x08002334       0x14 ./Drivers/STM32H7xx_HAL_Driver/Src/stm32h7xx_hal_adc.o
                0x08002334                HAL_ADC_ConvCpltCallback
 .text.HAL_ADC_LevelOutOfWindowCallback
                0x08002348       0x14 ./Drivers/STM32H7xx_HAL_Driver/Src/stm32h7xx_hal_adc.o
                0x08002348                HAL_ADC_LevelOutOfWindowCallback
 .text.HAL_ADC_ErrorCallback
                0x0800235c       0x14 ./Drivers/STM32H7xx_HAL_Driver/Src/stm32h7xx_hal_adc.o
                0x0800235c                HAL_ADC_ErrorCallback
 .text.HAL_ADC_ConfigChannel
                0x08002370      0x5e0 ./Drivers/STM32H7xx_HAL_Driver/Src/stm32h7xx_hal_adc.o
                0x08002370                HAL_ADC_ConfigChannel
 .text.ADC_ConversionStop
                0x08002950      0x178 ./Drivers/STM32H7xx_HAL_Driver/Src/stm32h7xx_hal_adc.o
                0x08002950                ADC_ConversionStop
 .text.ADC_Enable
                0x08002ac8      0x114 ./Drivers/STM32H7xx_HAL_Driver/Src/stm32h7xx_hal_adc.o
                0x08002ac8                ADC_Enable
 .text.ADC_Disable
                0x08002bdc       0xbe ./Drivers/STM32H7xx_HAL_Driver/Src/stm32h7xx_hal_adc.o
                0x08002bdc                ADC_Disable
 *fill*         0x08002c9a        0x2 
 .text.ADC_ConfigureBoostMode
                0x08002c9c      0x218 ./Drivers/STM32H7xx_HAL_Driver/Src/stm32h7xx_hal_adc.o
                0x08002c9c                ADC_ConfigureBoostMode
 .text.LL_ADC_IsEnabled
                0x08002eb4       0x26 ./Drivers/STM32H7xx_HAL_Driver/Src/stm32h7xx_hal_adc_ex.o
 .text.LL_ADC_REG_IsConversionOngoing
                0x08002eda       0x26 ./Drivers/STM32H7xx_HAL_Driver/Src/stm32h7xx_hal_adc_ex.o
 .text.HAL_ADCEx_InjectedConvCpltCallback
                0x08002f00       0x14 ./Drivers/STM32H7xx_HAL_Driver/Src/stm32h7xx_hal_adc_ex.o
                0x08002f00                HAL_ADCEx_InjectedConvCpltCallback
 .text.HAL_ADCEx_InjectedQueueOverflowCallback
                0x08002f14       0x14 ./Drivers/STM32H7xx_HAL_Driver/Src/stm32h7xx_hal_adc_ex.o
                0x08002f14                HAL_ADCEx_InjectedQueueOverflowCallback
 .text.HAL_ADCEx_LevelOutOfWindow2Callback
                0x08002f28       0x14 ./Drivers/STM32H7xx_HAL_Driver/Src/stm32h7xx_hal_adc_ex.o
                0x08002f28                HAL_ADCEx_LevelOutOfWindow2Callback
 .text.HAL_ADCEx_LevelOutOfWindow3Callback
                0x08002f3c       0x14 ./Drivers/STM32H7xx_HAL_Driver/Src/stm32h7xx_hal_adc_ex.o
                0x08002f3c                HAL_ADCEx_LevelOutOfWindow3Callback
 .text.HAL_ADCEx_EndOfSamplingCallback
                0x08002f50       0x14 ./Drivers/STM32H7xx_HAL_Driver/Src/stm32h7xx_hal_adc_ex.o
                0x08002f50                HAL_ADCEx_EndOfSamplingCallback
 .text.HAL_ADCEx_MultiModeConfigChannel
                0x08002f64      0x1bc ./Drivers/STM32H7xx_HAL_Driver/Src/stm32h7xx_hal_adc_ex.o
                0x08002f64                HAL_ADCEx_MultiModeConfigChannel
 .text.__NVIC_SetPriorityGrouping
                0x08003120       0x48 ./Drivers/STM32H7xx_HAL_Driver/Src/stm32h7xx_hal_cortex.o
 .text.__NVIC_GetPriorityGrouping
                0x08003168       0x1c ./Drivers/STM32H7xx_HAL_Driver/Src/stm32h7xx_hal_cortex.o
 .text.__NVIC_EnableIRQ
                0x08003184       0x3c ./Drivers/STM32H7xx_HAL_Driver/Src/stm32h7xx_hal_cortex.o
 .text.__NVIC_SetPriority
                0x080031c0       0x54 ./Drivers/STM32H7xx_HAL_Driver/Src/stm32h7xx_hal_cortex.o
 .text.NVIC_EncodePriority
                0x08003214       0x66 ./Drivers/STM32H7xx_HAL_Driver/Src/stm32h7xx_hal_cortex.o
 *fill*         0x0800327a        0x2 
 .text.SysTick_Config
                0x0800327c       0x44 ./Drivers/STM32H7xx_HAL_Driver/Src/stm32h7xx_hal_cortex.o
 .text.HAL_NVIC_SetPriorityGrouping
                0x080032c0       0x16 ./Drivers/STM32H7xx_HAL_Driver/Src/stm32h7xx_hal_cortex.o
                0x080032c0                HAL_NVIC_SetPriorityGrouping
 .text.HAL_NVIC_SetPriority
                0x080032d6       0x34 ./Drivers/STM32H7xx_HAL_Driver/Src/stm32h7xx_hal_cortex.o
                0x080032d6                HAL_NVIC_SetPriority
 .text.HAL_NVIC_EnableIRQ
                0x0800330a       0x1c ./Drivers/STM32H7xx_HAL_Driver/Src/stm32h7xx_hal_cortex.o
                0x0800330a                HAL_NVIC_EnableIRQ
 .text.HAL_SYSTICK_Config
                0x08003326       0x18 ./Drivers/STM32H7xx_HAL_Driver/Src/stm32h7xx_hal_cortex.o
                0x08003326                HAL_SYSTICK_Config
 *fill*         0x0800333e        0x2 
 .text.HAL_MPU_Disable
                0x08003340       0x30 ./Drivers/STM32H7xx_HAL_Driver/Src/stm32h7xx_hal_cortex.o
                0x08003340                HAL_MPU_Disable
 .text.HAL_MPU_Enable
                0x08003370       0x40 ./Drivers/STM32H7xx_HAL_Driver/Src/stm32h7xx_hal_cortex.o
                0x08003370                HAL_MPU_Enable
 .text.HAL_MPU_ConfigRegion
                0x080033b0       0x80 ./Drivers/STM32H7xx_HAL_Driver/Src/stm32h7xx_hal_cortex.o
                0x080033b0                HAL_MPU_ConfigRegion
 .text.HAL_FDCAN_Init
                0x08003430      0x3bc ./Drivers/STM32H7xx_HAL_Driver/Src/stm32h7xx_hal_fdcan.o
                0x08003430                HAL_FDCAN_Init
 .text.HAL_FDCAN_ConfigFilter
                0x080037ec       0xec ./Drivers/STM32H7xx_HAL_Driver/Src/stm32h7xx_hal_fdcan.o
                0x080037ec                HAL_FDCAN_ConfigFilter
 .text.HAL_FDCAN_Start
                0x080038d8       0x56 ./Drivers/STM32H7xx_HAL_Driver/Src/stm32h7xx_hal_fdcan.o
                0x080038d8                HAL_FDCAN_Start
 .text.HAL_FDCAN_AddMessageToTxFifoQ
                0x0800392e       0xb6 ./Drivers/STM32H7xx_HAL_Driver/Src/stm32h7xx_hal_fdcan.o
                0x0800392e                HAL_FDCAN_AddMessageToTxFifoQ
 .text.HAL_FDCAN_IRQHandler
                0x080039e4      0x4bc ./Drivers/STM32H7xx_HAL_Driver/Src/stm32h7xx_hal_fdcan.o
                0x080039e4                HAL_FDCAN_IRQHandler
 .text.HAL_FDCAN_ClockCalibrationCallback
                0x08003ea0       0x16 ./Drivers/STM32H7xx_HAL_Driver/Src/stm32h7xx_hal_fdcan.o
                0x08003ea0                HAL_FDCAN_ClockCalibrationCallback
 .text.HAL_FDCAN_TxEventFifoCallback
                0x08003eb6       0x16 ./Drivers/STM32H7xx_HAL_Driver/Src/stm32h7xx_hal_fdcan.o
                0x08003eb6                HAL_FDCAN_TxEventFifoCallback
 .text.HAL_FDCAN_RxFifo0Callback
                0x08003ecc       0x16 ./Drivers/STM32H7xx_HAL_Driver/Src/stm32h7xx_hal_fdcan.o
                0x08003ecc                HAL_FDCAN_RxFifo0Callback
 .text.HAL_FDCAN_RxFifo1Callback
                0x08003ee2       0x16 ./Drivers/STM32H7xx_HAL_Driver/Src/stm32h7xx_hal_fdcan.o
                0x08003ee2                HAL_FDCAN_RxFifo1Callback
 .text.HAL_FDCAN_TxFifoEmptyCallback
                0x08003ef8       0x14 ./Drivers/STM32H7xx_HAL_Driver/Src/stm32h7xx_hal_fdcan.o
                0x08003ef8                HAL_FDCAN_TxFifoEmptyCallback
 .text.HAL_FDCAN_TxBufferCompleteCallback
                0x08003f0c       0x16 ./Drivers/STM32H7xx_HAL_Driver/Src/stm32h7xx_hal_fdcan.o
                0x08003f0c                HAL_FDCAN_TxBufferCompleteCallback
 .text.HAL_FDCAN_TxBufferAbortCallback
                0x08003f22       0x16 ./Drivers/STM32H7xx_HAL_Driver/Src/stm32h7xx_hal_fdcan.o
                0x08003f22                HAL_FDCAN_TxBufferAbortCallback
 .text.HAL_FDCAN_RxBufferNewMessageCallback
                0x08003f38       0x14 ./Drivers/STM32H7xx_HAL_Driver/Src/stm32h7xx_hal_fdcan.o
                0x08003f38                HAL_FDCAN_RxBufferNewMessageCallback
 .text.HAL_FDCAN_TimestampWraparoundCallback
                0x08003f4c       0x14 ./Drivers/STM32H7xx_HAL_Driver/Src/stm32h7xx_hal_fdcan.o
                0x08003f4c                HAL_FDCAN_TimestampWraparoundCallback
 .text.HAL_FDCAN_TimeoutOccurredCallback
                0x08003f60       0x14 ./Drivers/STM32H7xx_HAL_Driver/Src/stm32h7xx_hal_fdcan.o
                0x08003f60                HAL_FDCAN_TimeoutOccurredCallback
 .text.HAL_FDCAN_HighPriorityMessageCallback
                0x08003f74       0x14 ./Drivers/STM32H7xx_HAL_Driver/Src/stm32h7xx_hal_fdcan.o
                0x08003f74                HAL_FDCAN_HighPriorityMessageCallback
 .text.HAL_FDCAN_ErrorCallback
                0x08003f88       0x14 ./Drivers/STM32H7xx_HAL_Driver/Src/stm32h7xx_hal_fdcan.o
                0x08003f88                HAL_FDCAN_ErrorCallback
 .text.HAL_FDCAN_ErrorStatusCallback
                0x08003f9c       0x16 ./Drivers/STM32H7xx_HAL_Driver/Src/stm32h7xx_hal_fdcan.o
                0x08003f9c                HAL_FDCAN_ErrorStatusCallback
 .text.HAL_FDCAN_TT_ScheduleSyncCallback
                0x08003fb2       0x16 ./Drivers/STM32H7xx_HAL_Driver/Src/stm32h7xx_hal_fdcan.o
                0x08003fb2                HAL_FDCAN_TT_ScheduleSyncCallback
 .text.HAL_FDCAN_TT_TimeMarkCallback
                0x08003fc8       0x16 ./Drivers/STM32H7xx_HAL_Driver/Src/stm32h7xx_hal_fdcan.o
                0x08003fc8                HAL_FDCAN_TT_TimeMarkCallback
 .text.HAL_FDCAN_TT_StopWatchCallback
                0x08003fde       0x18 ./Drivers/STM32H7xx_HAL_Driver/Src/stm32h7xx_hal_fdcan.o
                0x08003fde                HAL_FDCAN_TT_StopWatchCallback
 .text.HAL_FDCAN_TT_GlobalTimeCallback
                0x08003ff6       0x16 ./Drivers/STM32H7xx_HAL_Driver/Src/stm32h7xx_hal_fdcan.o
                0x08003ff6                HAL_FDCAN_TT_GlobalTimeCallback
 .text.FDCAN_CalcultateRamBlockAddresses
                0x0800400c      0x30c ./Drivers/STM32H7xx_HAL_Driver/Src/stm32h7xx_hal_fdcan.o
 .text.FDCAN_CopyMessageToRAM
                0x08004318       0xfc ./Drivers/STM32H7xx_HAL_Driver/Src/stm32h7xx_hal_fdcan.o
 .text.HAL_GPIO_Init
                0x08004414      0x360 ./Drivers/STM32H7xx_HAL_Driver/Src/stm32h7xx_hal_gpio.o
                0x08004414                HAL_GPIO_Init
 .text.HAL_GPIO_WritePin
                0x08004774       0x32 ./Drivers/STM32H7xx_HAL_Driver/Src/stm32h7xx_hal_gpio.o
                0x08004774                HAL_GPIO_WritePin
 *fill*         0x080047a6        0x2 
 .text.HAL_PWREx_ConfigSupply
                0x080047a8       0x74 ./Drivers/STM32H7xx_HAL_Driver/Src/stm32h7xx_hal_pwr_ex.o
                0x080047a8                HAL_PWREx_ConfigSupply
 .text.HAL_RCC_OscConfig
                0x0800481c      0x8b4 ./Drivers/STM32H7xx_HAL_Driver/Src/stm32h7xx_hal_rcc.o
                0x0800481c                HAL_RCC_OscConfig
 .text.HAL_RCC_ClockConfig
                0x080050d0      0x36c ./Drivers/STM32H7xx_HAL_Driver/Src/stm32h7xx_hal_rcc.o
                0x080050d0                HAL_RCC_ClockConfig
 .text.HAL_RCC_GetSysClockFreq
                0x0800543c      0x2f4 ./Drivers/STM32H7xx_HAL_Driver/Src/stm32h7xx_hal_rcc.o
                0x0800543c                HAL_RCC_GetSysClockFreq
 .text.HAL_RCC_GetHCLKFreq
                0x08005730       0x60 ./Drivers/STM32H7xx_HAL_Driver/Src/stm32h7xx_hal_rcc.o
                0x08005730                HAL_RCC_GetHCLKFreq
 .text.HAL_RCC_GetPCLK1Freq
                0x08005790       0x2c ./Drivers/STM32H7xx_HAL_Driver/Src/stm32h7xx_hal_rcc.o
                0x08005790                HAL_RCC_GetPCLK1Freq
 .text.HAL_RCCEx_PeriphCLKConfig
                0x080057bc     0x1414 ./Drivers/STM32H7xx_HAL_Driver/Src/stm32h7xx_hal_rcc_ex.o
                0x080057bc                HAL_RCCEx_PeriphCLKConfig
 .text.HAL_RCCEx_GetPeriphCLKFreq
                0x08006bd0      0xb00 ./Drivers/STM32H7xx_HAL_Driver/Src/stm32h7xx_hal_rcc_ex.o
                0x08006bd0                HAL_RCCEx_GetPeriphCLKFreq
 .text.HAL_RCCEx_GetD3PCLK1Freq
                0x080076d0       0x2c ./Drivers/STM32H7xx_HAL_Driver/Src/stm32h7xx_hal_rcc_ex.o
                0x080076d0                HAL_RCCEx_GetD3PCLK1Freq
 .text.HAL_RCCEx_GetPLL2ClockFreq
                0x080076fc      0x2a8 ./Drivers/STM32H7xx_HAL_Driver/Src/stm32h7xx_hal_rcc_ex.o
                0x080076fc                HAL_RCCEx_GetPLL2ClockFreq
 .text.HAL_RCCEx_GetPLL3ClockFreq
                0x080079a4      0x2a8 ./Drivers/STM32H7xx_HAL_Driver/Src/stm32h7xx_hal_rcc_ex.o
                0x080079a4                HAL_RCCEx_GetPLL3ClockFreq
 .text.HAL_RCCEx_GetPLL1ClockFreq
                0x08007c4c      0x2a4 ./Drivers/STM32H7xx_HAL_Driver/Src/stm32h7xx_hal_rcc_ex.o
                0x08007c4c                HAL_RCCEx_GetPLL1ClockFreq
 .text.RCCEx_PLL2_Config
                0x08007ef0      0x164 ./Drivers/STM32H7xx_HAL_Driver/Src/stm32h7xx_hal_rcc_ex.o
 .text.RCCEx_PLL3_Config
                0x08008054      0x164 ./Drivers/STM32H7xx_HAL_Driver/Src/stm32h7xx_hal_rcc_ex.o
 .text.memset   0x080081b8       0x10 C:/ST/STM32CubeIDE_1.16.0/STM32CubeIDE/plugins/com.st.stm32cube.ide.mcu.externaltools.gnu-tools-for-stm32.13.3.rel1.win32_1.0.0.202411081344/tools/bin/../lib/gcc/arm-none-eabi/13.3.1/../../../../arm-none-eabi/lib/thumb/v7e-m+dp/hard\libc_nano.a(libc_a-memset.o)
                0x080081b8                memset
 .text.__libc_init_array
                0x080081c8       0x48 C:/ST/STM32CubeIDE_1.16.0/STM32CubeIDE/plugins/com.st.stm32cube.ide.mcu.externaltools.gnu-tools-for-stm32.13.3.rel1.win32_1.0.0.202411081344/tools/bin/../lib/gcc/arm-none-eabi/13.3.1/../../../../arm-none-eabi/lib/thumb/v7e-m+dp/hard\libc_nano.a(libc_a-init.o)
                0x080081c8                __libc_init_array
 .text.memcpy   0x08008210       0x1c C:/ST/STM32CubeIDE_1.16.0/STM32CubeIDE/plugins/com.st.stm32cube.ide.mcu.externaltools.gnu-tools-for-stm32.13.3.rel1.win32_1.0.0.202411081344/tools/bin/../lib/gcc/arm-none-eabi/13.3.1/../../../../arm-none-eabi/lib/thumb/v7e-m+dp/hard\libc_nano.a(libc_a-memcpy-stub.o)
                0x08008210                memcpy
 .text.fmaxf    0x0800822c       0x3a C:/ST/STM32CubeIDE_1.16.0/STM32CubeIDE/plugins/com.st.stm32cube.ide.mcu.externaltools.gnu-tools-for-stm32.13.3.rel1.win32_1.0.0.202411081344/tools/bin/../lib/gcc/arm-none-eabi/13.3.1/../../../../arm-none-eabi/lib/thumb/v7e-m+dp/hard\libm.a(libm_a-sf_fmax.o)
                0x0800822c                fmaxf
 .text.fminf    0x08008266       0x3a C:/ST/STM32CubeIDE_1.16.0/STM32CubeIDE/plugins/com.st.stm32cube.ide.mcu.externaltools.gnu-tools-for-stm32.13.3.rel1.win32_1.0.0.202411081344/tools/bin/../lib/gcc/arm-none-eabi/13.3.1/../../../../arm-none-eabi/lib/thumb/v7e-m+dp/hard\libm.a(libm_a-sf_fmin.o)
                0x08008266                fminf
 .text.__fpclassifyf
                0x080082a0       0x38 C:/ST/STM32CubeIDE_1.16.0/STM32CubeIDE/plugins/com.st.stm32cube.ide.mcu.externaltools.gnu-tools-for-stm32.13.3.rel1.win32_1.0.0.202411081344/tools/bin/../lib/gcc/arm-none-eabi/13.3.1/../../../../arm-none-eabi/lib/thumb/v7e-m+dp/hard\libm.a(libm_a-sf_fpclassify.o)
                0x080082a0                __fpclassifyf
 .text.roundf   0x080082d8       0x48 C:/ST/STM32CubeIDE_1.16.0/STM32CubeIDE/plugins/com.st.stm32cube.ide.mcu.externaltools.gnu-tools-for-stm32.13.3.rel1.win32_1.0.0.202411081344/tools/bin/../lib/gcc/arm-none-eabi/13.3.1/../../../../arm-none-eabi/lib/thumb/v7e-m+dp/hard\libm.a(libm_a-sf_round.o)
                0x080082d8                roundf
 *(.glue_7)
 .glue_7        0x08008320        0x0 linker stubs
 *(.glue_7t)
 .glue_7t       0x08008320        0x0 linker stubs
 *(.eh_frame)
 .eh_frame      0x08008320        0x0 C:/ST/STM32CubeIDE_1.16.0/STM32CubeIDE/plugins/com.st.stm32cube.ide.mcu.externaltools.gnu-tools-for-stm32.13.3.rel1.win32_1.0.0.202411081344/tools/bin/../lib/gcc/arm-none-eabi/13.3.1/thumb/v7e-m+dp/hard/crtbegin.o
 *(.init)
 .init          0x08008320        0x4 C:/ST/STM32CubeIDE_1.16.0/STM32CubeIDE/plugins/com.st.stm32cube.ide.mcu.externaltools.gnu-tools-for-stm32.13.3.rel1.win32_1.0.0.202411081344/tools/bin/../lib/gcc/arm-none-eabi/13.3.1/thumb/v7e-m+dp/hard/crti.o
                0x08008320                _init
 .init          0x08008324        0x8 C:/ST/STM32CubeIDE_1.16.0/STM32CubeIDE/plugins/com.st.stm32cube.ide.mcu.externaltools.gnu-tools-for-stm32.13.3.rel1.win32_1.0.0.202411081344/tools/bin/../lib/gcc/arm-none-eabi/13.3.1/thumb/v7e-m+dp/hard/crtn.o
 *(.fini)
 .fini          0x0800832c        0x4 C:/ST/STM32CubeIDE_1.16.0/STM32CubeIDE/plugins/com.st.stm32cube.ide.mcu.externaltools.gnu-tools-for-stm32.13.3.rel1.win32_1.0.0.202411081344/tools/bin/../lib/gcc/arm-none-eabi/13.3.1/thumb/v7e-m+dp/hard/crti.o
                0x0800832c                _fini
 .fini          0x08008330        0x8 C:/ST/STM32CubeIDE_1.16.0/STM32CubeIDE/plugins/com.st.stm32cube.ide.mcu.externaltools.gnu-tools-for-stm32.13.3.rel1.win32_1.0.0.202411081344/tools/bin/../lib/gcc/arm-none-eabi/13.3.1/thumb/v7e-m+dp/hard/crtn.o
                0x08008338                        . = ALIGN (0x4)
                0x08008338                        _etext = .

.vfp11_veneer   0x08008338        0x0
 .vfp11_veneer  0x08008338        0x0 linker stubs

.v4_bx          0x08008338        0x0
 .v4_bx         0x08008338        0x0 linker stubs

.iplt           0x08008338        0x0
 .iplt          0x08008338        0x0 C:/ST/STM32CubeIDE_1.16.0/STM32CubeIDE/plugins/com.st.stm32cube.ide.mcu.externaltools.gnu-tools-for-stm32.13.3.rel1.win32_1.0.0.202411081344/tools/bin/../lib/gcc/arm-none-eabi/13.3.1/thumb/v7e-m+dp/hard/crtbegin.o

.rodata         0x08008338       0x6c
                0x08008338                        . = ALIGN (0x4)
 *(.rodata)
 .rodata        0x08008338       0x4c ./Drivers/STM32H7xx_HAL_Driver/Src/stm32h7xx_hal_fdcan.o
 *(.rodata*)
 .rodata.D1CorePrescTable
                0x08008384       0x10 ./Core/Src/system_stm32h7xx.o
                0x08008384                D1CorePrescTable
 .rodata.DLCtoBytes
                0x08008394       0x10 ./Drivers/STM32H7xx_HAL_Driver/Src/stm32h7xx_hal_fdcan.o
                0x080083a4                        . = ALIGN (0x4)

.ARM.extab
 *(.ARM.extab* .gnu.linkonce.armextab.*)

.ARM            0x080083a4        0x0
                0x080083a4                        __exidx_start = .
 *(.ARM.exidx*)
                0x080083a4                        __exidx_end = .

.preinit_array  0x080083a4        0x0
                0x080083a4                        PROVIDE (__preinit_array_start = .)
 *(.preinit_array*)
                0x080083a4                        PROVIDE (__preinit_array_end = .)

.init_array     0x080083a4        0x4
                0x080083a4                        PROVIDE (__init_array_start = .)
 *(SORT_BY_NAME(.init_array.*))
 *(.init_array*)
 .init_array    0x080083a4        0x4 C:/ST/STM32CubeIDE_1.16.0/STM32CubeIDE/plugins/com.st.stm32cube.ide.mcu.externaltools.gnu-tools-for-stm32.13.3.rel1.win32_1.0.0.202411081344/tools/bin/../lib/gcc/arm-none-eabi/13.3.1/thumb/v7e-m+dp/hard/crtbegin.o
                0x080083a8                        PROVIDE (__init_array_end = .)

.fini_array     0x080083a8        0x4
                [!provide]                        PROVIDE (__fini_array_start = .)
 *(SORT_BY_NAME(.fini_array.*))
 *(.fini_array*)
 .fini_array    0x080083a8        0x4 C:/ST/STM32CubeIDE_1.16.0/STM32CubeIDE/plugins/com.st.stm32cube.ide.mcu.externaltools.gnu-tools-for-stm32.13.3.rel1.win32_1.0.0.202411081344/tools/bin/../lib/gcc/arm-none-eabi/13.3.1/thumb/v7e-m+dp/hard/crtbegin.o
                [!provide]                        PROVIDE (__fini_array_end = .)
                0x080083ac                        _sidata = LOADADDR (.data)

.rel.dyn        0x080083ac        0x0
 .rel.iplt      0x080083ac        0x0 C:/ST/STM32CubeIDE_1.16.0/STM32CubeIDE/plugins/com.st.stm32cube.ide.mcu.externaltools.gnu-tools-for-stm32.13.3.rel1.win32_1.0.0.202411081344/tools/bin/../lib/gcc/arm-none-eabi/13.3.1/thumb/v7e-m+dp/hard/crtbegin.o

.data           0x24000000      0x11c load address 0x080083ac
                0x24000000                        . = ALIGN (0x4)
                0x24000000                        _sdata = .
 *(.data)
 *(.data*)
 .data.min_temperature
                0x24000000        0x4 ./Core/Src/main.o
                0x24000000                min_temperature
 .data.vt_Lookup
                0x24000004      0x108 ./Core/Src/main.o
                0x24000004                vt_Lookup
 .data.SystemCoreClock
                0x2400010c        0x4 ./Core/Src/system_stm32h7xx.o
                0x2400010c                SystemCoreClock
 .data.SystemD2Clock
                0x24000110        0x4 ./Core/Src/system_stm32h7xx.o
                0x24000110                SystemD2Clock
 .data.uwTickPrio
                0x24000114        0x4 ./Drivers/STM32H7xx_HAL_Driver/Src/stm32h7xx_hal.o
                0x24000114                uwTickPrio
 .data.uwTickFreq
                0x24000118        0x1 ./Drivers/STM32H7xx_HAL_Driver/Src/stm32h7xx_hal.o
                0x24000118                uwTickFreq
 *(.RamFunc)
 *(.RamFunc*)
                0x2400011c                        . = ALIGN (0x4)
 *fill*         0x24000119        0x3 
                0x2400011c                        _edata = .

.igot.plt       0x2400011c        0x0 load address 0x080084c8
 .igot.plt      0x2400011c        0x0 C:/ST/STM32CubeIDE_1.16.0/STM32CubeIDE/plugins/com.st.stm32cube.ide.mcu.externaltools.gnu-tools-for-stm32.13.3.rel1.win32_1.0.0.202411081344/tools/bin/../lib/gcc/arm-none-eabi/13.3.1/thumb/v7e-m+dp/hard/crtbegin.o
                0x2400011c                        . = ALIGN (0x4)

.bss            0x2400011c      0x164 load address 0x080084c8
                0x2400011c                        _sbss = .
                0x2400011c                        __bss_start__ = _sbss
 *(.bss)
 .bss           0x2400011c       0x1c C:/ST/STM32CubeIDE_1.16.0/STM32CubeIDE/plugins/com.st.stm32cube.ide.mcu.externaltools.gnu-tools-for-stm32.13.3.rel1.win32_1.0.0.202411081344/tools/bin/../lib/gcc/arm-none-eabi/13.3.1/thumb/v7e-m+dp/hard/crtbegin.o
 *(.bss*)
 .bss.hadc1     0x24000138       0x64 ./Core/Src/main.o
                0x24000138                hadc1
 .bss.hfdcan1   0x2400019c       0xa0 ./Core/Src/main.o
                0x2400019c                hfdcan1
 .bss.adc_value
                0x2400023c        0x4 ./Core/Src/main.o
                0x2400023c                adc_value
 .bss.voltage   0x24000240        0x4 ./Core/Src/main.o
                0x24000240                voltage
 .bss.temperature
                0x24000244        0x4 ./Core/Src/main.o
                0x24000244                temperature
 .bss.total_temperature
                0x24000248        0x4 ./Core/Src/main.o
                0x24000248                total_temperature
 .bss.average_temperature
                0x2400024c        0x4 ./Core/Src/main.o
                0x2400024c                average_temperature
 .bss.max_temperature
                0x24000250        0x4 ./Core/Src/main.o
                0x24000250                max_temperature
 .bss.temp_counter
                0x24000254        0x4 ./Core/Src/main.o
                0x24000254                temp_counter
 .bss.tx_Header
                0x24000258       0x24 ./Core/Src/stm32h7xx_hal_msp.o
                0x24000258                tx_Header
 .bss.uwTick    0x2400027c        0x4 ./Drivers/STM32H7xx_HAL_Driver/Src/stm32h7xx_hal.o
                0x2400027c                uwTick
 *(COMMON)
                0x24000280                        . = ALIGN (0x4)
                0x24000280                        _ebss = .
                0x24000280                        __bss_end__ = _ebss

._user_heap_stack
                0x24000280      0x600 load address 0x080084c8
                0x24000280                        . = ALIGN (0x8)
                [!provide]                        PROVIDE (end = .)
                0x24000280                        PROVIDE (_end = .)
                0x24000480                        . = (. + _Min_Heap_Size)
 *fill*         0x24000280      0x200 
                0x24000880                        . = (. + _Min_Stack_Size)
 *fill*         0x24000480      0x400 
                0x24000880                        . = ALIGN (0x8)

/DISCARD/
 libc.a(*)
 libm.a(*)
 libgcc.a(*)

.ARM.attributes
                0x00000000       0x2e
 *(.ARM.attributes)
 .ARM.attributes
                0x00000000       0x20 C:/ST/STM32CubeIDE_1.16.0/STM32CubeIDE/plugins/com.st.stm32cube.ide.mcu.externaltools.gnu-tools-for-stm32.13.3.rel1.win32_1.0.0.202411081344/tools/bin/../lib/gcc/arm-none-eabi/13.3.1/thumb/v7e-m+dp/hard/crti.o
 .ARM.attributes
                0x00000020       0x32 C:/ST/STM32CubeIDE_1.16.0/STM32CubeIDE/plugins/com.st.stm32cube.ide.mcu.externaltools.gnu-tools-for-stm32.13.3.rel1.win32_1.0.0.202411081344/tools/bin/../lib/gcc/arm-none-eabi/13.3.1/thumb/v7e-m+dp/hard/crtbegin.o
 .ARM.attributes
                0x00000052       0x32 ./Core/Src/main.o
 .ARM.attributes
                0x00000084       0x32 ./Core/Src/stm32h7xx_hal_msp.o
 .ARM.attributes
                0x000000b6       0x32 ./Core/Src/stm32h7xx_it.o
 .ARM.attributes
                0x000000e8       0x32 ./Core/Src/system_stm32h7xx.o
 .ARM.attributes
                0x0000011a       0x21 ./Core/Startup/startup_stm32h743vitx.o
 .ARM.attributes
                0x0000013b       0x32 ./Drivers/STM32H7xx_HAL_Driver/Src/stm32h7xx_hal.o
 .ARM.attributes
                0x0000016d       0x32 ./Drivers/STM32H7xx_HAL_Driver/Src/stm32h7xx_hal_adc.o
 .ARM.attributes
                0x0000019f       0x32 ./Drivers/STM32H7xx_HAL_Driver/Src/stm32h7xx_hal_adc_ex.o
 .ARM.attributes
                0x000001d1       0x32 ./Drivers/STM32H7xx_HAL_Driver/Src/stm32h7xx_hal_cortex.o
 .ARM.attributes
                0x00000203       0x32 ./Drivers/STM32H7xx_HAL_Driver/Src/stm32h7xx_hal_fdcan.o
 .ARM.attributes
                0x00000235       0x32 ./Drivers/STM32H7xx_HAL_Driver/Src/stm32h7xx_hal_gpio.o
 .ARM.attributes
                0x00000267       0x32 ./Drivers/STM32H7xx_HAL_Driver/Src/stm32h7xx_hal_pwr_ex.o
 .ARM.attributes
                0x00000299       0x32 ./Drivers/STM32H7xx_HAL_Driver/Src/stm32h7xx_hal_rcc.o
 .ARM.attributes
                0x000002cb       0x32 ./Drivers/STM32H7xx_HAL_Driver/Src/stm32h7xx_hal_rcc_ex.o
 .ARM.attributes
                0x000002fd       0x32 C:/ST/STM32CubeIDE_1.16.0/STM32CubeIDE/plugins/com.st.stm32cube.ide.mcu.externaltools.gnu-tools-for-stm32.13.3.rel1.win32_1.0.0.202411081344/tools/bin/../lib/gcc/arm-none-eabi/13.3.1/../../../../arm-none-eabi/lib/thumb/v7e-m+dp/hard\libc_nano.a(libc_a-memset.o)
 .ARM.attributes
                0x0000032f       0x32 C:/ST/STM32CubeIDE_1.16.0/STM32CubeIDE/plugins/com.st.stm32cube.ide.mcu.externaltools.gnu-tools-for-stm32.13.3.rel1.win32_1.0.0.202411081344/tools/bin/../lib/gcc/arm-none-eabi/13.3.1/../../../../arm-none-eabi/lib/thumb/v7e-m+dp/hard\libc_nano.a(libc_a-init.o)
 .ARM.attributes
                0x00000361       0x32 C:/ST/STM32CubeIDE_1.16.0/STM32CubeIDE/plugins/com.st.stm32cube.ide.mcu.externaltools.gnu-tools-for-stm32.13.3.rel1.win32_1.0.0.202411081344/tools/bin/../lib/gcc/arm-none-eabi/13.3.1/../../../../arm-none-eabi/lib/thumb/v7e-m+dp/hard\libc_nano.a(libc_a-memcpy-stub.o)
 .ARM.attributes
                0x00000393       0x32 C:/ST/STM32CubeIDE_1.16.0/STM32CubeIDE/plugins/com.st.stm32cube.ide.mcu.externaltools.gnu-tools-for-stm32.13.3.rel1.win32_1.0.0.202411081344/tools/bin/../lib/gcc/arm-none-eabi/13.3.1/../../../../arm-none-eabi/lib/thumb/v7e-m+dp/hard\libm.a(libm_a-sf_fmax.o)
 .ARM.attributes
                0x000003c5       0x32 C:/ST/STM32CubeIDE_1.16.0/STM32CubeIDE/plugins/com.st.stm32cube.ide.mcu.externaltools.gnu-tools-for-stm32.13.3.rel1.win32_1.0.0.202411081344/tools/bin/../lib/gcc/arm-none-eabi/13.3.1/../../../../arm-none-eabi/lib/thumb/v7e-m+dp/hard\libm.a(libm_a-sf_fmin.o)
 .ARM.attributes
                0x000003f7       0x32 C:/ST/STM32CubeIDE_1.16.0/STM32CubeIDE/plugins/com.st.stm32cube.ide.mcu.externaltools.gnu-tools-for-stm32.13.3.rel1.win32_1.0.0.202411081344/tools/bin/../lib/gcc/arm-none-eabi/13.3.1/../../../../arm-none-eabi/lib/thumb/v7e-m+dp/hard\libm.a(libm_a-sf_fpclassify.o)
 .ARM.attributes
                0x00000429       0x32 C:/ST/STM32CubeIDE_1.16.0/STM32CubeIDE/plugins/com.st.stm32cube.ide.mcu.externaltools.gnu-tools-for-stm32.13.3.rel1.win32_1.0.0.202411081344/tools/bin/../lib/gcc/arm-none-eabi/13.3.1/../../../../arm-none-eabi/lib/thumb/v7e-m+dp/hard\libm.a(libm_a-sf_round.o)
 .ARM.attributes
                0x0000045b       0x20 C:/ST/STM32CubeIDE_1.16.0/STM32CubeIDE/plugins/com.st.stm32cube.ide.mcu.externaltools.gnu-tools-for-stm32.13.3.rel1.win32_1.0.0.202411081344/tools/bin/../lib/gcc/arm-none-eabi/13.3.1/thumb/v7e-m+dp/hard/crtn.o
OUTPUT(bmsTempMon.elf elf32-littlearm)
LOAD linker stubs
LOAD C:/ST/STM32CubeIDE_1.16.0/STM32CubeIDE/plugins/com.st.stm32cube.ide.mcu.externaltools.gnu-tools-for-stm32.13.3.rel1.win32_1.0.0.202411081344/tools/bin/../lib/gcc/arm-none-eabi/13.3.1/../../../../arm-none-eabi/lib/thumb/v7e-m+dp/hard\libc.a
LOAD C:/ST/STM32CubeIDE_1.16.0/STM32CubeIDE/plugins/com.st.stm32cube.ide.mcu.externaltools.gnu-tools-for-stm32.13.3.rel1.win32_1.0.0.202411081344/tools/bin/../lib/gcc/arm-none-eabi/13.3.1/../../../../arm-none-eabi/lib/thumb/v7e-m+dp/hard\libm.a
LOAD C:/ST/STM32CubeIDE_1.16.0/STM32CubeIDE/plugins/com.st.stm32cube.ide.mcu.externaltools.gnu-tools-for-stm32.13.3.rel1.win32_1.0.0.202411081344/tools/bin/../lib/gcc/arm-none-eabi/13.3.1/thumb/v7e-m+dp/hard\libgcc.a

.debug_info     0x00000000    0x1285e
 .debug_info    0x00000000     0x2153 ./Core/Src/main.o
 .debug_info    0x00002153     0x1ed1 ./Core/Src/stm32h7xx_hal_msp.o
 .debug_info    0x00004024     0x105c ./Core/Src/stm32h7xx_it.o
 .debug_info    0x00005080      0xcef ./Core/Src/system_stm32h7xx.o
 .debug_info    0x00005d6f       0x30 ./Core/Startup/startup_stm32h743vitx.o
 .debug_info    0x00005d9f     0x153b ./Drivers/STM32H7xx_HAL_Driver/Src/stm32h7xx_hal.o
 .debug_info    0x000072da     0x1d84 ./Drivers/STM32H7xx_HAL_Driver/Src/stm32h7xx_hal_adc.o
 .debug_info    0x0000905e     0x1ea5 ./Drivers/STM32H7xx_HAL_Driver/Src/stm32h7xx_hal_adc_ex.o
 .debug_info    0x0000af03     0x10b1 ./Drivers/STM32H7xx_HAL_Driver/Src/stm32h7xx_hal_cortex.o
 .debug_info    0x0000bfb4     0x2baf ./Drivers/STM32H7xx_HAL_Driver/Src/stm32h7xx_hal_fdcan.o
 .debug_info    0x0000eb63      0xc5a ./Drivers/STM32H7xx_HAL_Driver/Src/stm32h7xx_hal_gpio.o
 .debug_info    0x0000f7bd     0x1012 ./Drivers/STM32H7xx_HAL_Driver/Src/stm32h7xx_hal_pwr_ex.o
 .debug_info    0x000107cf      0xe6a ./Drivers/STM32H7xx_HAL_Driver/Src/stm32h7xx_hal_rcc.o
 .debug_info    0x00011639     0x1225 ./Drivers/STM32H7xx_HAL_Driver/Src/stm32h7xx_hal_rcc_ex.o

.debug_abbrev   0x00000000     0x2112
 .debug_abbrev  0x00000000      0x379 ./Core/Src/main.o
 .debug_abbrev  0x00000379      0x25d ./Core/Src/stm32h7xx_hal_msp.o
 .debug_abbrev  0x000005d6      0x1ae ./Core/Src/stm32h7xx_it.o
 .debug_abbrev  0x00000784      0x14c ./Core/Src/system_stm32h7xx.o
 .debug_abbrev  0x000008d0       0x24 ./Core/Startup/startup_stm32h743vitx.o
 .debug_abbrev  0x000008f4      0x295 ./Drivers/STM32H7xx_HAL_Driver/Src/stm32h7xx_hal.o
 .debug_abbrev  0x00000b89      0x2d1 ./Drivers/STM32H7xx_HAL_Driver/Src/stm32h7xx_hal_adc.o
 .debug_abbrev  0x00000e5a      0x31a ./Drivers/STM32H7xx_HAL_Driver/Src/stm32h7xx_hal_adc_ex.o
 .debug_abbrev  0x00001174      0x339 ./Drivers/STM32H7xx_HAL_Driver/Src/stm32h7xx_hal_cortex.o
 .debug_abbrev  0x000014ad      0x288 ./Drivers/STM32H7xx_HAL_Driver/Src/stm32h7xx_hal_fdcan.o
 .debug_abbrev  0x00001735      0x205 ./Drivers/STM32H7xx_HAL_Driver/Src/stm32h7xx_hal_gpio.o
 .debug_abbrev  0x0000193a      0x2a7 ./Drivers/STM32H7xx_HAL_Driver/Src/stm32h7xx_hal_pwr_ex.o
 .debug_abbrev  0x00001be1      0x2c8 ./Drivers/STM32H7xx_HAL_Driver/Src/stm32h7xx_hal_rcc.o
 .debug_abbrev  0x00001ea9      0x269 ./Drivers/STM32H7xx_HAL_Driver/Src/stm32h7xx_hal_rcc_ex.o

.debug_aranges  0x00000000      0xec8
 .debug_aranges
                0x00000000       0x80 ./Core/Src/main.o
 .debug_aranges
                0x00000080       0x48 ./Core/Src/stm32h7xx_hal_msp.o
 .debug_aranges
                0x000000c8       0x70 ./Core/Src/stm32h7xx_it.o
 .debug_aranges
                0x00000138       0x28 ./Core/Src/system_stm32h7xx.o
 .debug_aranges
                0x00000160       0x28 ./Core/Startup/startup_stm32h743vitx.o
 .debug_aranges
                0x00000188      0x198 ./Drivers/STM32H7xx_HAL_Driver/Src/stm32h7xx_hal.o
 .debug_aranges
                0x00000320      0x230 ./Drivers/STM32H7xx_HAL_Driver/Src/stm32h7xx_hal_adc.o
 .debug_aranges
                0x00000550      0x1e0 ./Drivers/STM32H7xx_HAL_Driver/Src/stm32h7xx_hal_adc_ex.o
 .debug_aranges
                0x00000730      0x130 ./Drivers/STM32H7xx_HAL_Driver/Src/stm32h7xx_hal_cortex.o
 .debug_aranges
                0x00000860      0x338 ./Drivers/STM32H7xx_HAL_Driver/Src/stm32h7xx_hal_fdcan.o
 .debug_aranges
                0x00000b98       0x58 ./Drivers/STM32H7xx_HAL_Driver/Src/stm32h7xx_hal_gpio.o
 .debug_aranges
                0x00000bf0      0x158 ./Drivers/STM32H7xx_HAL_Driver/Src/stm32h7xx_hal_pwr_ex.o
 .debug_aranges
                0x00000d48       0x88 ./Drivers/STM32H7xx_HAL_Driver/Src/stm32h7xx_hal_rcc.o
 .debug_aranges
                0x00000dd0       0xf8 ./Drivers/STM32H7xx_HAL_Driver/Src/stm32h7xx_hal_rcc_ex.o

.debug_rnglists
                0x00000000      0xb43
 .debug_rnglists
                0x00000000       0x62 ./Core/Src/main.o
 .debug_rnglists
                0x00000062       0x34 ./Core/Src/stm32h7xx_hal_msp.o
 .debug_rnglists
                0x00000096       0x4f ./Core/Src/stm32h7xx_it.o
 .debug_rnglists
                0x000000e5       0x1b ./Core/Src/system_stm32h7xx.o
 .debug_rnglists
                0x00000100       0x19 ./Core/Startup/startup_stm32h743vitx.o
 .debug_rnglists
                0x00000119      0x131 ./Drivers/STM32H7xx_HAL_Driver/Src/stm32h7xx_hal.o
 .debug_rnglists
                0x0000024a      0x1af ./Drivers/STM32H7xx_HAL_Driver/Src/stm32h7xx_hal_adc.o
 .debug_rnglists
                0x000003f9      0x175 ./Drivers/STM32H7xx_HAL_Driver/Src/stm32h7xx_hal_adc_ex.o
 .debug_rnglists
                0x0000056e       0xe0 ./Drivers/STM32H7xx_HAL_Driver/Src/stm32h7xx_hal_cortex.o
 .debug_rnglists
                0x0000064e      0x28b ./Drivers/STM32H7xx_HAL_Driver/Src/stm32h7xx_hal_fdcan.o
 .debug_rnglists
                0x000008d9       0x3f ./Drivers/STM32H7xx_HAL_Driver/Src/stm32h7xx_hal_gpio.o
 .debug_rnglists
                0x00000918      0x103 ./Drivers/STM32H7xx_HAL_Driver/Src/stm32h7xx_hal_pwr_ex.o
 .debug_rnglists
                0x00000a1b       0x68 ./Drivers/STM32H7xx_HAL_Driver/Src/stm32h7xx_hal_rcc.o
 .debug_rnglists
                0x00000a83       0xc0 ./Drivers/STM32H7xx_HAL_Driver/Src/stm32h7xx_hal_rcc_ex.o

.debug_macro    0x00000000    0x37df2
 .debug_macro   0x00000000      0x2e2 ./Core/Src/main.o
 .debug_macro   0x000002e2      0xaf6 ./Core/Src/main.o
 .debug_macro   0x00000dd8      0x238 ./Core/Src/main.o
 .debug_macro   0x00001010       0x2e ./Core/Src/main.o
 .debug_macro   0x0000103e       0x3b ./Core/Src/main.o
 .debug_macro   0x00001079       0x22 ./Core/Src/main.o
 .debug_macro   0x0000109b       0x8e ./Core/Src/main.o
 .debug_macro   0x00001129       0x51 ./Core/Src/main.o
 .debug_macro   0x0000117a      0x103 ./Core/Src/main.o
 .debug_macro   0x0000127d       0x6a ./Core/Src/main.o
 .debug_macro   0x000012e7      0x1df ./Core/Src/main.o
 .debug_macro   0x000014c6       0x1c ./Core/Src/main.o
 .debug_macro   0x000014e2       0x22 ./Core/Src/main.o
 .debug_macro   0x00001504       0xfb ./Core/Src/main.o
 .debug_macro   0x000015ff     0x1305 ./Core/Src/main.o
 .debug_macro   0x00002904      0x11f ./Core/Src/main.o
 .debug_macro   0x00002a23       0x27 ./Core/Src/main.o
 .debug_macro   0x00002a4a    0x25b9b ./Core/Src/main.o
 .debug_macro   0x000285e5       0x6d ./Core/Src/main.o
 .debug_macro   0x00028652     0x3d79 ./Core/Src/main.o
 .debug_macro   0x0002c3cb      0x190 ./Core/Src/main.o
 .debug_macro   0x0002c55b       0x61 ./Core/Src/main.o
 .debug_macro   0x0002c5bc       0x29 ./Core/Src/main.o
 .debug_macro   0x0002c5e5       0x43 ./Core/Src/main.o
 .debug_macro   0x0002c628       0x34 ./Core/Src/main.o
 .debug_macro   0x0002c65c      0x370 ./Core/Src/main.o
 .debug_macro   0x0002c9cc       0x16 ./Core/Src/main.o
 .debug_macro   0x0002c9e2       0x4a ./Core/Src/main.o
 .debug_macro   0x0002ca2c       0x34 ./Core/Src/main.o
 .debug_macro   0x0002ca60       0x10 ./Core/Src/main.o
 .debug_macro   0x0002ca70       0x58 ./Core/Src/main.o
 .debug_macro   0x0002cac8       0x8e ./Core/Src/main.o
 .debug_macro   0x0002cb56       0x1c ./Core/Src/main.o
 .debug_macro   0x0002cb72      0x185 ./Core/Src/main.o
 .debug_macro   0x0002ccf7      0x19b ./Core/Src/main.o
 .debug_macro   0x0002ce92       0x5d ./Core/Src/main.o
 .debug_macro   0x0002ceef     0x2382 ./Core/Src/main.o
 .debug_macro   0x0002f271     0x102c ./Core/Src/main.o
 .debug_macro   0x0003029d      0x154 ./Core/Src/main.o
 .debug_macro   0x000303f1      0x114 ./Core/Src/main.o
 .debug_macro   0x00030505      0x3b6 ./Core/Src/main.o
 .debug_macro   0x000308bb       0xac ./Core/Src/main.o
 .debug_macro   0x00030967      0x72d ./Core/Src/main.o
 .debug_macro   0x00031094      0x228 ./Core/Src/main.o
 .debug_macro   0x000312bc       0x66 ./Core/Src/main.o
 .debug_macro   0x00031322      0x3bb ./Core/Src/main.o
 .debug_macro   0x000316dd      0x3e4 ./Core/Src/main.o
 .debug_macro   0x00031ac1      0x275 ./Core/Src/main.o
 .debug_macro   0x00031d36     0x1044 ./Core/Src/main.o
 .debug_macro   0x00032d7a      0x6cc ./Core/Src/main.o
 .debug_macro   0x00033446      0x383 ./Core/Src/main.o
 .debug_macro   0x000337c9      0xe42 ./Core/Src/main.o
 .debug_macro   0x0003460b      0x3ca ./Core/Src/main.o
 .debug_macro   0x000349d5      0x408 ./Core/Src/main.o
 .debug_macro   0x00034ddd       0x51 ./Core/Src/main.o
 .debug_macro   0x00034e2e       0x4a ./Core/Src/main.o
 .debug_macro   0x00034e78      0x22c ./Core/Src/main.o
 .debug_macro   0x000350a4       0x67 ./Core/Src/main.o
 .debug_macro   0x0003510b       0xa5 ./Core/Src/main.o
 .debug_macro   0x000351b0      0x1c4 ./Core/Src/main.o
 .debug_macro   0x00035374      0x25e ./Core/Src/main.o
 .debug_macro   0x000355d2       0x35 ./Core/Src/main.o
 .debug_macro   0x00035607      0x5ac ./Core/Src/main.o
 .debug_macro   0x00035bb3       0x28 ./Core/Src/main.o
 .debug_macro   0x00035bdb       0x22 ./Core/Src/main.o
 .debug_macro   0x00035bfd      0x2c5 ./Core/Src/stm32h7xx_hal_msp.o
 .debug_macro   0x00035ec2      0x2c5 ./Core/Src/stm32h7xx_it.o
 .debug_macro   0x00036187      0x2be ./Core/Src/system_stm32h7xx.o
 .debug_macro   0x00036445      0x2d6 ./Drivers/STM32H7xx_HAL_Driver/Src/stm32h7xx_hal.o
 .debug_macro   0x0003671b      0x2d0 ./Drivers/STM32H7xx_HAL_Driver/Src/stm32h7xx_hal_adc.o
 .debug_macro   0x000369eb      0x2b8 ./Drivers/STM32H7xx_HAL_Driver/Src/stm32h7xx_hal_adc_ex.o
 .debug_macro   0x00036ca3      0x2ac ./Drivers/STM32H7xx_HAL_Driver/Src/stm32h7xx_hal_cortex.o
 .debug_macro   0x00036f4f      0x371 ./Drivers/STM32H7xx_HAL_Driver/Src/stm32h7xx_hal_fdcan.o
 .debug_macro   0x000372c0      0x2b3 ./Drivers/STM32H7xx_HAL_Driver/Src/stm32h7xx_hal_gpio.o
 .debug_macro   0x00037573      0x2e5 ./Drivers/STM32H7xx_HAL_Driver/Src/stm32h7xx_hal_pwr_ex.o
 .debug_macro   0x00037858      0x2d0 ./Drivers/STM32H7xx_HAL_Driver/Src/stm32h7xx_hal_rcc.o
 .debug_macro   0x00037b28      0x2ca ./Drivers/STM32H7xx_HAL_Driver/Src/stm32h7xx_hal_rcc_ex.o

.debug_line     0x00000000    0x106b0
 .debug_line    0x00000000      0xd12 ./Core/Src/main.o
 .debug_line    0x00000d12      0xa73 ./Core/Src/stm32h7xx_hal_msp.o
 .debug_line    0x00001785      0x9b5 ./Core/Src/stm32h7xx_it.o
 .debug_line    0x0000213a      0xa9a ./Core/Src/system_stm32h7xx.o
 .debug_line    0x00002bd4       0x7a ./Core/Startup/startup_stm32h743vitx.o
 .debug_line    0x00002c4e      0xeae ./Drivers/STM32H7xx_HAL_Driver/Src/stm32h7xx_hal.o
 .debug_line    0x00003afc     0x237c ./Drivers/STM32H7xx_HAL_Driver/Src/stm32h7xx_hal_adc.o
 .debug_line    0x00005e78     0x1f48 ./Drivers/STM32H7xx_HAL_Driver/Src/stm32h7xx_hal_adc_ex.o
 .debug_line    0x00007dc0      0xe98 ./Drivers/STM32H7xx_HAL_Driver/Src/stm32h7xx_hal_cortex.o
 .debug_line    0x00008c58     0x2939 ./Drivers/STM32H7xx_HAL_Driver/Src/stm32h7xx_hal_fdcan.o
 .debug_line    0x0000b591      0xd37 ./Drivers/STM32H7xx_HAL_Driver/Src/stm32h7xx_hal_gpio.o
 .debug_line    0x0000c2c8     0x1032 ./Drivers/STM32H7xx_HAL_Driver/Src/stm32h7xx_hal_pwr_ex.o
 .debug_line    0x0000d2fa     0x1555 ./Drivers/STM32H7xx_HAL_Driver/Src/stm32h7xx_hal_rcc.o
 .debug_line    0x0000e84f     0x1e61 ./Drivers/STM32H7xx_HAL_Driver/Src/stm32h7xx_hal_rcc_ex.o

.debug_str      0x00000000   0x16ea63
 .debug_str     0x00000000   0x16ea63 ./Core/Src/main.o
                             0x169a4a (size before relaxing)
 .debug_str     0x0016ea63   0x16a02d ./Core/Src/stm32h7xx_hal_msp.o
 .debug_str     0x0016ea63   0x1690bc ./Core/Src/stm32h7xx_it.o
 .debug_str     0x0016ea63   0x168ac8 ./Core/Src/system_stm32h7xx.o
 .debug_str     0x0016ea63       0x74 ./Core/Startup/startup_stm32h743vitx.o
 .debug_str     0x0016ea63   0x169984 ./Drivers/STM32H7xx_HAL_Driver/Src/stm32h7xx_hal.o
 .debug_str     0x0016ea63   0x16982b ./Drivers/STM32H7xx_HAL_Driver/Src/stm32h7xx_hal_adc.o
 .debug_str     0x0016ea63   0x16986a ./Drivers/STM32H7xx_HAL_Driver/Src/stm32h7xx_hal_adc_ex.o
 .debug_str     0x0016ea63   0x1693bf ./Drivers/STM32H7xx_HAL_Driver/Src/stm32h7xx_hal_cortex.o
 .debug_str     0x0016ea63   0x16a75c ./Drivers/STM32H7xx_HAL_Driver/Src/stm32h7xx_hal_fdcan.o
 .debug_str     0x0016ea63   0x168a25 ./Drivers/STM32H7xx_HAL_Driver/Src/stm32h7xx_hal_gpio.o
 .debug_str     0x0016ea63   0x168ee6 ./Drivers/STM32H7xx_HAL_Driver/Src/stm32h7xx_hal_pwr_ex.o
 .debug_str     0x0016ea63   0x168e09 ./Drivers/STM32H7xx_HAL_Driver/Src/stm32h7xx_hal_rcc.o
 .debug_str     0x0016ea63   0x1692ea ./Drivers/STM32H7xx_HAL_Driver/Src/stm32h7xx_hal_rcc_ex.o

.comment        0x00000000       0x43
 .comment       0x00000000       0x43 ./Core/Src/main.o
                                 0x44 (size before relaxing)
 .comment       0x00000043       0x44 ./Core/Src/stm32h7xx_hal_msp.o
 .comment       0x00000043       0x44 ./Core/Src/stm32h7xx_it.o
 .comment       0x00000043       0x44 ./Core/Src/system_stm32h7xx.o
 .comment       0x00000043       0x44 ./Drivers/STM32H7xx_HAL_Driver/Src/stm32h7xx_hal.o
 .comment       0x00000043       0x44 ./Drivers/STM32H7xx_HAL_Driver/Src/stm32h7xx_hal_adc.o
 .comment       0x00000043       0x44 ./Drivers/STM32H7xx_HAL_Driver/Src/stm32h7xx_hal_adc_ex.o
 .comment       0x00000043       0x44 ./Drivers/STM32H7xx_HAL_Driver/Src/stm32h7xx_hal_cortex.o
 .comment       0x00000043       0x44 ./Drivers/STM32H7xx_HAL_Driver/Src/stm32h7xx_hal_fdcan.o
 .comment       0x00000043       0x44 ./Drivers/STM32H7xx_HAL_Driver/Src/stm32h7xx_hal_gpio.o
 .comment       0x00000043       0x44 ./Drivers/STM32H7xx_HAL_Driver/Src/stm32h7xx_hal_pwr_ex.o
 .comment       0x00000043       0x44 ./Drivers/STM32H7xx_HAL_Driver/Src/stm32h7xx_hal_rcc.o
 .comment       0x00000043       0x44 ./Drivers/STM32H7xx_HAL_Driver/Src/stm32h7xx_hal_rcc_ex.o

.debug_frame    0x00000000     0x4088
 .debug_frame   0x00000000      0x1c4 ./Core/Src/main.o
 .debug_frame   0x000001c4       0xf4 ./Core/Src/stm32h7xx_hal_msp.o
 .debug_frame   0x000002b8      0x13c ./Core/Src/stm32h7xx_it.o
 .debug_frame   0x000003f4       0x58 ./Core/Src/system_stm32h7xx.o
 .debug_frame   0x0000044c      0x690 ./Drivers/STM32H7xx_HAL_Driver/Src/stm32h7xx_hal.o
 .debug_frame   0x00000adc      0xa50 ./Drivers/STM32H7xx_HAL_Driver/Src/stm32h7xx_hal_adc.o
 .debug_frame   0x0000152c      0x8b4 ./Drivers/STM32H7xx_HAL_Driver/Src/stm32h7xx_hal_adc_ex.o
 .debug_frame   0x00001de0      0x508 ./Drivers/STM32H7xx_HAL_Driver/Src/stm32h7xx_hal_cortex.o
 .debug_frame   0x000022e8      0xf9c ./Drivers/STM32H7xx_HAL_Driver/Src/stm32h7xx_hal_fdcan.o
 .debug_frame   0x00003284      0x14c ./Drivers/STM32H7xx_HAL_Driver/Src/stm32h7xx_hal_gpio.o
 .debug_frame   0x000033d0      0x580 ./Drivers/STM32H7xx_HAL_Driver/Src/stm32h7xx_hal_pwr_ex.o
 .debug_frame   0x00003950      0x1f8 ./Drivers/STM32H7xx_HAL_Driver/Src/stm32h7xx_hal_rcc.o
 .debug_frame   0x00003b48      0x414 ./Drivers/STM32H7xx_HAL_Driver/Src/stm32h7xx_hal_rcc_ex.o
 .debug_frame   0x00003f5c       0x20 C:/ST/STM32CubeIDE_1.16.0/STM32CubeIDE/plugins/com.st.stm32cube.ide.mcu.externaltools.gnu-tools-for-stm32.13.3.rel1.win32_1.0.0.202411081344/tools/bin/../lib/gcc/arm-none-eabi/13.3.1/../../../../arm-none-eabi/lib/thumb/v7e-m+dp/hard\libc_nano.a(libc_a-memset.o)
 .debug_frame   0x00003f7c       0x2c C:/ST/STM32CubeIDE_1.16.0/STM32CubeIDE/plugins/com.st.stm32cube.ide.mcu.externaltools.gnu-tools-for-stm32.13.3.rel1.win32_1.0.0.202411081344/tools/bin/../lib/gcc/arm-none-eabi/13.3.1/../../../../arm-none-eabi/lib/thumb/v7e-m+dp/hard\libc_nano.a(libc_a-init.o)
 .debug_frame   0x00003fa8       0x28 C:/ST/STM32CubeIDE_1.16.0/STM32CubeIDE/plugins/com.st.stm32cube.ide.mcu.externaltools.gnu-tools-for-stm32.13.3.rel1.win32_1.0.0.202411081344/tools/bin/../lib/gcc/arm-none-eabi/13.3.1/../../../../arm-none-eabi/lib/thumb/v7e-m+dp/hard\libc_nano.a(libc_a-memcpy-stub.o)
 .debug_frame   0x00003fd0       0x3c C:/ST/STM32CubeIDE_1.16.0/STM32CubeIDE/plugins/com.st.stm32cube.ide.mcu.externaltools.gnu-tools-for-stm32.13.3.rel1.win32_1.0.0.202411081344/tools/bin/../lib/gcc/arm-none-eabi/13.3.1/../../../../arm-none-eabi/lib/thumb/v7e-m+dp/hard\libm.a(libm_a-sf_fmax.o)
 .debug_frame   0x0000400c       0x3c C:/ST/STM32CubeIDE_1.16.0/STM32CubeIDE/plugins/com.st.stm32cube.ide.mcu.externaltools.gnu-tools-for-stm32.13.3.rel1.win32_1.0.0.202411081344/tools/bin/../lib/gcc/arm-none-eabi/13.3.1/../../../../arm-none-eabi/lib/thumb/v7e-m+dp/hard\libm.a(libm_a-sf_fmin.o)
 .debug_frame   0x00004048       0x20 C:/ST/STM32CubeIDE_1.16.0/STM32CubeIDE/plugins/com.st.stm32cube.ide.mcu.externaltools.gnu-tools-for-stm32.13.3.rel1.win32_1.0.0.202411081344/tools/bin/../lib/gcc/arm-none-eabi/13.3.1/../../../../arm-none-eabi/lib/thumb/v7e-m+dp/hard\libm.a(libm_a-sf_fpclassify.o)
 .debug_frame   0x00004068       0x20 C:/ST/STM32CubeIDE_1.16.0/STM32CubeIDE/plugins/com.st.stm32cube.ide.mcu.externaltools.gnu-tools-for-stm32.13.3.rel1.win32_1.0.0.202411081344/tools/bin/../lib/gcc/arm-none-eabi/13.3.1/../../../../arm-none-eabi/lib/thumb/v7e-m+dp/hard\libm.a(libm_a-sf_round.o)

.debug_line_str
                0x00000000       0x58
 .debug_line_str
                0x00000000       0x58 ./Core/Startup/startup_stm32h743vitx.o
