../Core/Src/main.c:114:6:SetMuxChannel	1
../Core/Src/main.c:121:6:setADCChannel	10
../Core/Src/main.c:165:6:Read_ADC	1
../Core/Src/main.c:174:8:getClosestTemp	3
../Core/Src/main.c:199:6:Calculate_Average_Temperature	21
../Core/Src/main.c:260:6:sendCan	2
../Core/Src/main.c:301:5:main	1
../Core/Src/main.c:367:6:SystemClock_Config	4
../Core/Src/main.c:427:13:MX_ADC1_Init	4
../Core/Src/main.c:496:13:MX_FDCAN1_Init	2
../Core/Src/main.c:549:13:MX_GPIO_Init	1
../Core/Src/main.c:583:6:MPU_Config	1
../Core/Src/main.c:614:6:Error_Handler	1
