../Core/Src/main.c:115:6:SetMuxChannel	1
../Core/Src/main.c:122:6:setADCChannel	10
../Core/Src/main.c:162:6:Read_ADC	1
../Core/Src/main.c:171:8:getClosestTemp	3
../Core/Src/main.c:194:6:Calculate_Average_Temperature	5
../Core/Src/main.c:217:6:sendCan	2
../Core/Src/main.c:258:5:main	1
../Core/Src/main.c:324:6:SystemClock_Config	4
../Core/Src/main.c:384:13:MX_ADC1_Init	4
../Core/Src/main.c:453:13:MX_FDCAN1_Init	2
../Core/Src/main.c:506:13:MX_TIM1_Init	4
../Core/Src/main.c:553:13:MX_GPIO_Init	1
../Core/Src/main.c:587:6:MPU_Config	1
../Core/Src/main.c:618:6:Error_Handler	1
