../Core/Src/main.c:114:6:SetMuxChannel	16	static
../Core/Src/main.c:121:6:setADCChannel	48	static
../Core/Src/main.c:161:6:Read_ADC	8	static
../Core/Src/main.c:170:8:getClosestTemp	24	static
../Core/Src/main.c:193:6:Calculate_Average_Temperature	16	static
../Core/Src/main.c:228:6:sendCan	32	static
../Core/Src/main.c:269:5:main	8	static
../Core/Src/main.c:335:6:SystemClock_Config	120	static
../Core/Src/main.c:395:13:MX_ADC1_Init	48	static
../Core/Src/main.c:464:13:MX_FDCAN1_Init	8	static
../Core/Src/main.c:517:13:MX_GPIO_Init	48	static
../Core/Src/main.c:551:6:MPU_Config	24	static
../Core/Src/main.c:582:6:Error_Handler	4	static,ignoring_inline_asm
