../Core/Src/main.c:114:6:SetMuxChannel	16	static
../Core/Src/main.c:121:6:setADCChannel	48	static
../Core/Src/main.c:165:6:Read_ADC	8	static
../Core/Src/main.c:174:8:getClosestTemp	32	static
../Core/Src/main.c:199:6:Calculate_Average_Temperature	16	static
../Core/Src/main.c:260:6:sendCan	32	static
../Core/Src/main.c:301:5:main	8	static
../Core/Src/main.c:367:6:SystemClock_Config	120	static
../Core/Src/main.c:427:13:MX_ADC1_Init	48	static
../Core/Src/main.c:496:13:MX_FDCAN1_Init	8	static
../Core/Src/main.c:549:13:MX_GPIO_Init	48	static
../Core/Src/main.c:583:6:MPU_Config	24	static
../Core/Src/main.c:614:6:Error_Handler	4	static,ignoring_inline_asm
